CCS PCH C Compiler, Version 5.015, 5967               19-Thg9-22 10:45

               Filename:   C:\Users\ADMIN\Desktop\New folder\door_demo.lst

               ROM used:   3358 bytes (10%)
                           Largest free fragment is 29406
               RAM used:   94 (5%) at main() level
                           112 (5%) worst case
               Stack used: 8 locations (7 in main + 1 for interrupts)
               Stack size: 31

*
0000:  GOTO   0AD2
*
0008:  MOVWF  04
000A:  MOVFF  FD8,05
000E:  MOVFF  FE0,06
0012:  MOVLB  0
0014:  MOVFF  FE9,0C
0018:  MOVFF  FEA,07
001C:  MOVFF  FE1,08
0020:  MOVFF  FE2,09
0024:  MOVFF  FD9,0A
0028:  MOVFF  FDA,0B
002C:  MOVFF  FF3,12
0030:  MOVFF  FF4,13
0034:  MOVFF  FFA,14
0038:  MOVFF  00,0E
003C:  MOVFF  01,0F
0040:  MOVFF  02,10
0044:  MOVFF  03,11
0048:  BTFSS  F9D.0
004A:  GOTO   0054
004E:  BTFSC  F9E.0
0050:  GOTO   00FC
0054:  MOVFF  0E,00
0058:  MOVFF  0F,01
005C:  MOVFF  10,02
0060:  MOVFF  11,03
0064:  MOVFF  0C,FE9
0068:  MOVFF  07,FEA
006C:  BSF    07.7
006E:  MOVFF  08,FE1
0072:  MOVFF  09,FE2
0076:  MOVFF  0A,FD9
007A:  MOVFF  0B,FDA
007E:  MOVFF  12,FF3
0082:  MOVFF  13,FF4
0086:  MOVFF  14,FFA
008A:  MOVF   04,W
008C:  MOVFF  06,FE0
0090:  MOVFF  05,FD8
0094:  RETFIE 0
.................... #include "lib/tv_pickit2_shift_1 - d503.c" 
.................... #INCLUDE    <18F4550.H> 
.................... //////////// Standard Header file for the PIC18F4550 device //////////////// 
.................... /////////////////////////////////////////////////////////////////////////// 
.................... ////        (C) Copyright 1996, 2013 Custom Computer Services          //// 
.................... //// This source code may only be used by licensed users of the CCS C  //// 
.................... //// compiler.  This source code may only be distributed to other      //// 
.................... //// licensed users of the CCS C compiler.  No other use, reproduction //// 
.................... //// or distribution is permitted without written permission.          //// 
.................... //// Derivative programs created using this software in object code    //// 
.................... //// form are not restricted in any way.                               //// 
.................... /////////////////////////////////////////////////////////////////////////// 
.................... #device PIC18F4550 
0096:  MOVFF  FF2,0D
009A:  BCF    FF2.7
009C:  CLRF   FF7
009E:  ADDLW  B0
00A0:  MOVWF  FF6
00A2:  MOVLW  00
00A4:  ADDWFC FF7,F
00A6:  TBLRD*+
00A8:  MOVF   FF5,W
00AA:  BTFSC  0D.7
00AC:  BSF    FF2.7
00AE:  RETURN 0
00B0:  DATA C0,F9
00B2:  DATA A4,B0
00B4:  DATA 99,92
00B6:  DATA 82,F8
00B8:  DATA 80,90
00BA:  DATA 88,83
00BC:  DATA C6,A1
00BE:  DATA 86,8E
00C0:  MOVFF  FF2,0D
00C4:  BCF    FF2.7
00C6:  CLRF   FF7
00C8:  ADDLW  DA
00CA:  MOVWF  FF6
00CC:  MOVLW  00
00CE:  ADDWFC FF7,F
00D0:  TBLRD*+
00D2:  MOVF   FF5,W
00D4:  BTFSC  0D.7
00D6:  BSF    FF2.7
00D8:  RETURN 0
00DA:  DATA 80,C0
00DC:  DATA 94,D4
00DE:  MOVFF  FF2,0D
00E2:  BCF    FF2.7
00E4:  CLRF   FF7
00E6:  ADDLW  F8
00E8:  MOVWF  FF6
00EA:  MOVLW  00
00EC:  ADDWFC FF7,F
00EE:  TBLRD*+
00F0:  MOVF   FF5,W
00F2:  BTFSC  0D.7
00F4:  BSF    FF2.7
00F6:  RETURN 0
00F8:  DATA 3F,7F
00FA:  DATA BF,FF
*
012A:  DATA 54,68
012C:  DATA 6F,69
012E:  DATA 20,67
0130:  DATA 69,61
0132:  DATA 6E,3A
0134:  DATA 00,00
0136:  DATA 4E,67
0138:  DATA 2F,54
013A:  DATA 68,2F
013C:  DATA 4E,61
013E:  DATA 6D,3A
0140:  DATA 00,00
0142:  DATA 20,20
0144:  DATA 20,20
0146:  DATA 20,20
0148:  DATA 20,20
014A:  DATA 20,20
014C:  DATA 20,20
014E:  DATA 20,20
0150:  DATA 20,20
0152:  DATA 20,20
0154:  DATA 20,20
0156:  DATA 00,00
0158:  DATA 4E,68
015A:  DATA 61,70
015C:  DATA 20,70
015E:  DATA 61,73
0160:  DATA 73,3A
0162:  DATA 00,00
0164:  DATA 42,61
0166:  DATA 6E,20
0168:  DATA 64,61
016A:  DATA 20,6E
016C:  DATA 68,61
016E:  DATA 70,20
0170:  DATA 64,75
0172:  DATA 6E,67
0174:  DATA 20,21
0176:  DATA 21,21
0178:  DATA 00,00
017A:  DATA 4E,68
017C:  DATA 61,70
017E:  DATA 73,61
0180:  DATA 69,20
0182:  DATA 68,61
0184:  DATA 79,20
0186:  DATA 6E,68
0188:  DATA 61,70
018A:  DATA 20,6C
018C:  DATA 61,69
018E:  DATA 00,00
0190:  DATA 42,61
0192:  DATA 6E,20
0194:  DATA 6E,68
0196:  DATA 61,70
0198:  DATA 73,61
019A:  DATA 69,20
019C:  DATA 71,75
019E:  DATA 61,20
01A0:  DATA 33,6C
01A2:  DATA 61,6E
01A4:  DATA 00,00
*
038E:  TBLRD*+
0390:  MOVF   FF5,F
0392:  BZ    03AC
0394:  MOVFF  FF6,5C
0398:  MOVFF  FF7,5D
039C:  MOVFF  FF5,5E
03A0:  RCALL  0378
03A2:  MOVFF  5C,FF6
03A6:  MOVFF  5D,FF7
03AA:  BRA    038E
03AC:  RETURN 0
*
06E0:  MOVF   5C,W
06E2:  MULWF  5E
06E4:  MOVFF  FF3,01
06E8:  MOVFF  FF4,00
06EC:  MULWF  5F
06EE:  MOVF   FF3,W
06F0:  ADDWF  00,F
06F2:  MOVF   5D,W
06F4:  MULWF  5E
06F6:  MOVF   FF3,W
06F8:  ADDWFC 00,W
06FA:  MOVWF  02
06FC:  GOTO   0784 (RETURN)
0700:  CLRF   01
0702:  CLRF   02
0704:  CLRF   00
0706:  CLRF   03
0708:  MOVF   x68,W
070A:  BNZ   0710
070C:  MOVF   x67,W
070E:  BZ    0740
0710:  MOVLW  10
0712:  MOVWF  x69
0714:  BCF    FD8.0
0716:  RLCF   x65,F
0718:  RLCF   x66,F
071A:  RLCF   00,F
071C:  RLCF   03,F
071E:  MOVF   x68,W
0720:  SUBWF  03,W
0722:  BNZ   0728
0724:  MOVF   x67,W
0726:  SUBWF  00,W
0728:  BNC   0738
072A:  MOVF   x67,W
072C:  SUBWF  00,F
072E:  BTFSS  FD8.0
0730:  DECF   03,F
0732:  MOVF   x68,W
0734:  SUBWF  03,F
0736:  BSF    FD8.0
0738:  RLCF   01,F
073A:  RLCF   02,F
073C:  DECFSZ x69,F
073E:  BRA    0714
0740:  RETURN 0
*
0914:  CLRF   00
0916:  CLRF   01
0918:  MOVF   5F,W
091A:  BCF    FD8.0
091C:  BTFSC  x60.0
091E:  ADDWF  00,F
0920:  RRCF   00,F
0922:  RRCF   01,F
0924:  BTFSC  x60.1
0926:  ADDWF  00,F
0928:  RRCF   00,F
092A:  RRCF   01,F
092C:  BTFSC  x60.2
092E:  ADDWF  00,F
0930:  RRCF   00,F
0932:  RRCF   01,F
0934:  BTFSC  x60.3
0936:  ADDWF  00,F
0938:  RRCF   00,F
093A:  RRCF   01,F
093C:  BTFSC  x60.4
093E:  ADDWF  00,F
0940:  RRCF   00,F
0942:  RRCF   01,F
0944:  BTFSC  x60.5
0946:  ADDWF  00,F
0948:  RRCF   00,F
094A:  RRCF   01,F
094C:  BTFSC  x60.6
094E:  ADDWF  00,F
0950:  RRCF   00,F
0952:  RRCF   01,F
0954:  BTFSC  x60.7
0956:  ADDWF  00,F
0958:  RRCF   00,F
095A:  RRCF   01,F
095C:  GOTO   09D6 (RETURN)
....................  
.................... #list 
....................  
.................... #DEVICE     ADC=10 
.................... #FUSES      NOWDT,PUT,HS,NOPROTECT,NOLVP,CPUDIV1 
.................... #USE        DELAY(CLOCK=20000000) 
*
02F0:  CLRF   FEA
02F2:  MOVLW  5F
02F4:  MOVWF  FE9
02F6:  MOVF   FEF,W
02F8:  BZ    0314
02FA:  MOVLW  06
02FC:  MOVWF  01
02FE:  CLRF   00
0300:  DECFSZ 00,F
0302:  BRA    0300
0304:  DECFSZ 01,F
0306:  BRA    02FE
0308:  MOVLW  7B
030A:  MOVWF  00
030C:  DECFSZ 00,F
030E:  BRA    030C
0310:  DECFSZ FEF,F
0312:  BRA    02FA
0314:  RETURN 0
.................... #USE        I2C(MASTER,SLOW,SDA=PIN_B0,SCL=PIN_B1) 
*
03AE:  MOVLW  08
03B0:  MOVWF  01
03B2:  MOVLW  05
03B4:  MOVWF  00
03B6:  DECFSZ 00,F
03B8:  BRA    03B6
03BA:  BCF    F8A.1
03BC:  BCF    F93.1
03BE:  MOVLW  06
03C0:  MOVWF  00
03C2:  DECFSZ 00,F
03C4:  BRA    03C2
03C6:  RLCF   5C,F
03C8:  BCF    F8A.0
03CA:  BTFSC  FD8.0
03CC:  BSF    F93.0
03CE:  BTFSS  FD8.0
03D0:  BCF    F93.0
03D2:  BSF    F93.1
03D4:  BTFSS  F81.1
03D6:  BRA    03D4
03D8:  DECFSZ 01,F
03DA:  BRA    03B2
03DC:  MOVLW  05
03DE:  MOVWF  00
03E0:  DECFSZ 00,F
03E2:  BRA    03E0
03E4:  BCF    F8A.1
03E6:  BCF    F93.1
03E8:  NOP   
03EA:  BSF    F93.0
03EC:  MOVLW  06
03EE:  MOVWF  00
03F0:  DECFSZ 00,F
03F2:  BRA    03F0
03F4:  MOVLW  06
03F6:  MOVWF  00
03F8:  DECFSZ 00,F
03FA:  BRA    03F8
03FC:  BSF    F93.1
03FE:  BTFSS  F81.1
0400:  BRA    03FE
0402:  CLRF   01
0404:  MOVLW  06
0406:  MOVWF  00
0408:  DECFSZ 00,F
040A:  BRA    0408
040C:  BTFSC  F81.0
040E:  BSF    01.0
0410:  BCF    F8A.1
0412:  BCF    F93.1
0414:  BCF    F8A.0
0416:  BCF    F93.0
0418:  RETURN 0
041A:  MOVLW  08
041C:  MOVWF  5D
041E:  MOVFF  00,5E
0422:  BSF    F93.0
0424:  MOVLW  06
0426:  MOVWF  00
0428:  DECFSZ 00,F
042A:  BRA    0428
042C:  BSF    F93.1
042E:  BTFSS  F81.1
0430:  BRA    042E
0432:  BTFSC  F81.0
0434:  BSF    FD8.0
0436:  BTFSS  F81.0
0438:  BCF    FD8.0
043A:  RLCF   01,F
043C:  MOVLW  05
043E:  MOVWF  00
0440:  DECFSZ 00,F
0442:  BRA    0440
0444:  BCF    F93.1
0446:  BCF    F8A.1
0448:  DECFSZ 5D,F
044A:  BRA    0422
044C:  BSF    F93.0
044E:  MOVLW  06
0450:  MOVWF  00
0452:  DECFSZ 00,F
0454:  BRA    0452
0456:  BCF    F8A.0
0458:  MOVF   5E,W
045A:  BTFSS  FD8.2
045C:  BCF    F93.0
045E:  NOP   
0460:  BSF    F93.1
0462:  BTFSS  F81.1
0464:  BRA    0462
0466:  MOVLW  05
0468:  MOVWF  00
046A:  DECFSZ 00,F
046C:  BRA    046A
046E:  BCF    F8A.1
0470:  BCF    F93.1
0472:  MOVLW  06
0474:  MOVWF  00
0476:  DECFSZ 00,F
0478:  BRA    0476
047A:  BCF    F8A.0
047C:  BCF    F93.0
047E:  RETURN 0
....................  
.................... //#USE        rs232(baud=9600, xmit=PIN_C6,rcv=PIN_C7) 
.................... //NUT NHAN: 
.................... #DEFINE  BT0     PIN_B5 
.................... #DEFINE  BT1     PIN_B4 
.................... #DEFINE  BT2     PIN_B3 
.................... #DEFINE  BT3     PIN_B2 
....................  
.................... #DEFINE  ON      BT0       //DK LED DON, MOTOR 
.................... #DEFINE  OFF     BT1 
.................... #DEFINE  INV     BT2 
....................  
.................... #DEFINE  UP      BT0    //DK LED DON 
.................... #DEFINE  DW      BT1 
.................... #DEFINE  CLR     BT2 
.................... #DEFINE  MOD     BT3 
....................  
.................... #DEFINE  STOP    BT3 
....................  
.................... #DEFINE  ON1     BT0      
.................... #DEFINE  OFF1    BT1 
.................... #DEFINE  ON2     BT2        
.................... #DEFINE  OFF2    BT3 
....................  
....................  
.................... #DEFINE     TRIGGER      PIN_E2 
.................... #DEFINE     ECHO         PIN_E1 
.................... //   IC74138_A    PIN_B6   //OUTPUT GIAI MA 2 SANG 4 TICH CUC MUC 0 
.................... //   IC74138_B    PIN_B7   //OUTPUT GIAI MA 2 SANG 4 TICH CUC MUC 0 
....................  
.................... //          ENCODER  PIN_C0   //RC0/T13CKI 
....................  
.................... //          CB_KC    PIN_A2   //RA2/AN2 
.................... //          PIR      PIN_A3   //RA3/AN3 
.................... //          CBXUNG   PIN_A4   //RA4/T0CKI 
.................... //          LEDTHU   PIN_A4   //RA4/T0CKI//SW802 
....................  
.................... //          CB_KCSA_TRIGGER  PIN_E2   //RE2/SDO  DUNG CHUNG 
.................... //          CB_KCSA_RCHO     PIN_E1   //RE1 
....................  
.................... //          CB_TCS3200_OUT    PIN_E1   //RE1 //CAM BIEN MAU TCS3200 
.................... //          CB_TCS3200_S0     B12      //LAY TU MBI5026 
.................... //          CB_TCS3200_S1     B13      //LAY TU MBI5026 
.................... //          CB_TCS3200_S2     B14      //LAY TU MBI5026 
.................... //          CB_TCS3200_S3     B15      //LAY TU MBI5026 
....................  
.................... //          CB_POWER  SW803 
.................... //          CB_GAS      AIN3_PCF8591T   //RE1 
.................... //          CB_QUANG    AIN2_PCF8591T    
.................... //          CB_LM35B    AIN1_PCF8591T   //RA1/AN1 
.................... //          CB_LM35A    AIN0_PCF8591T   //RE1/AN0 
....................  
.................... //XXXXXXXXXXXXXXXXXXXXXXXXXXXXXXXXXXXXXXXXXXXXXXXXX 
.................... #DEFINE      ENABLE_573A      PIN_D1         //CS0 CUA A 
.................... #DEFINE      ENABLE_573B      PIN_D0         //CS1 CUA B 
.................... //XXXXXXXXXXXXXXXXXXXXXXXXXXXXXXXXXXXXXXXXXXXXXXXXX 
.................... #DEFINE      SSDO             PIN_E2         //CHUNG TAT CA 
.................... #DEFINE      SSCK             PIN_E0         //CHUNG TAT CA 
.................... //XXXXXXXXXXXXXXXXXXXXXXXXXXXXXXXXXXXXXXXXXXXXXXXXX 
.................... #DEFINE      RCK_4LED7DOAN    PIN_D7         //A - 4 BYTE 
.................... #DEFINE      G_4LED7DOAN      PIN_D6         //A - 4 BYTE 
.................... //XXXXXXXXXXXXXXXXXXXXXXXXXXXXXXXXXXXXXXXXXXXX     
.................... #DEFINE      RCK_MATRANLED    PIN_D7         //B - 3 BYTE DAO 
.................... #DEFINE      G_MATRANLED      PIN_D6         //B - 3 BYTE DAO 
.................... //XXXXXXXXXXXXXXXXXXXXXXXXXXXXXXXXXXXXXXXXXXXXXXXXX 
.................... #DEFINE      RCK_32LED        PIN_D5         //A - 4 BYTE 
.................... #DEFINE      G_32LED          PIN_D4         //A - 4 BYTE 
.................... //XXXXXXXXXXXXXXXXXXXXXXXXXXXXXXXXXXXXXXXXXXXX  
.................... #DEFINE      RCK_8LEDQUET     PIN_D5         //B - 2 BYTE DAO 
.................... #DEFINE      G_8LEDQUET       PIN_D4         //B - 2 BYTE DAO 
.................... //XXXXXXXXXXXXXXXXXXXXXXXXXXXXXXXXXXXXXXXXXXXXXXXXX 
.................... #DEFINE      RCK_LCD20X4      PIN_D3         //A - 2 BYTE DAO 
.................... #DEFINE      G_LCD20X4         PIN_D2         //A - 2 BYTE DAO 
.................... //XXXXXXXXXXXXXXXXXXXXXXXXXXXXXXXXXXXXXXXXXXXX  
.................... #DEFINE      RCK_BUZERELAY    PIN_D3     //B - 1 BYTE  
.................... #DEFINE      G_BUZERELAY      PIN_D2         //B - 1 BYTE  
....................  
.................... VOID XUAT_LCD20X4(UNSIGNED INT8 LCD_SIGNAL,LCD_INS_HTHI); 
....................  
.................... VOID XUAT_BUZZER_RELAY(); 
.................... //XXXXXXXXXXXXXXXXXXXXXXXXXXXXXXXXXXXXXXXXXXXX    
.................... #DEFINE     CHOT_2_IC_74573_A_B  OUTPUT_D(0XFC) 
....................  
.................... UNSIGNED INT8 TIN_HIEU_DK_74573_A; 
.................... #BIT G_4A         = TIN_HIEU_DK_74573_A.6 
.................... #BIT G_32A        = TIN_HIEU_DK_74573_A.4 
.................... #BIT G_LCDA       = TIN_HIEU_DK_74573_A.2 
.................... //XXXXXXXXXXXXXXXXXXXXXXXXXXXXXXXXXXXXXXXXXXXX          
.................... #DEFINE     MO_32_LED_DON        G_32A=0; //OUTPUT_LOW(G_32LED)  
.................... #DEFINE     TAT_32_LED_DON       G_32A=1; //OUTPUT_HIGH(G_32LED)  
.................... //XXXXXXXXXXXXXXXXXXXXXXXXXXXXXXXXXXXXXXXXXXXX          
.................... #DEFINE     MO_4_LED_7DOAN       G_4A=0;  //OUTPUT_LOW(G_4LED7DOAN) 
.................... #DEFINE     TAT_4_LED_7DOAN      G_4A=1;  //OUTPUT_HIGH(G_4LED7DOAN) 
.................... //XXXXXXXXXXXXXXXXXXXXXXXXXXXXXXXXXXXXXXXXXXXX  
.................... #DEFINE     MO_GLCD_LCD           G_LCDA=0;   //OUTPUT_LOW(G_LCD20X4) 
.................... #DEFINE     TAT_GLCD_LCD          G_LCDA=1;   // OUTPUT_LOW(G_LCD20X4) 
....................  
.................... UNSIGNED INT8 TIN_HIEU_DK_74573_B;   
.................... #BIT G_MTB        = TIN_HIEU_DK_74573_B.6 
.................... #BIT G_8B         = TIN_HIEU_DK_74573_B.4 
.................... #BIT G_RBDCB      = TIN_HIEU_DK_74573_B.2 
.................... //XXXXXXXXXXXXXXXXXXXXXXXXXXXXXXXXXXXXXXXXXXXX  
.................... #DEFINE     MO_LED_MATRAN        G_MTB=0; //OUTPUT_LOW(G_MATRANLED) 
.................... #DEFINE     TAT_LED_MATRAN       G_MTB=1; //OUTPUT_LOW(G_MATRANLED) 
.................... //XXXXXXXXXXXXXXXXXXXXXXXXXXXXXXXXXXXXXXXXXXXX        
.................... #DEFINE     MO_8_LED_QUET        G_8B=0;  //OUTPUT_LOW(G_8LEDQUET) 
.................... #DEFINE     TAT_8_LED_QUET       G_8B=1;  //OUTPUT_LOW(G_8LEDQUET) 
.................... //XXXXXXXXXXXXXXXXXXXXXXXXXXXXXXXXXXXXXXXXXXXX          
.................... #DEFINE     MO_RELAY_BUZZER_DC   G_RBDCB=0;  //OUTPUT_LOW(G_BUZERELAY) 
.................... #DEFINE     TAT_RELAY_BUZZER_DC  G_RBDCB=1;  //OUTPUT_LOW(G_BUZERELAY) 
....................  
.................... //XXXXXXXXXXXXXXXXXXXXXXXXXXXXXXXXXXXXXXXXXXXX 
.................... //CHUONG TRINH KIEM TRA PHIM BT1 
.................... //XXXXXXXXXXXXXXXXXXXXXXXXXXXXXXXXXXXXXXXXXXXX 
.................... UNSIGNED INT8 DL_BTN=0; 
.................... INT1 PHIM_BT0(UNSIGNED INT16 DL) 
.................... {   
....................     IF (!INPUT(BT0)) 
....................     {   
....................       DL_BTN++; 
....................        
....................       IF (DL_BTN>= DL) 
....................          { 
....................             DL_BTN =0; 
....................             RETURN(1); 
....................          } 
....................       ELSE RETURN(0); 
....................     } 
....................     ELSE    RETURN(0); 
.................... }  
.................... //XXXXXXXXXXXXXXXXXXXXXXXXXXXXXXXXXXXXXXXXXXXX 
.................... //CHUONG TRINH KIEM TRA PHIM BT1 
.................... //XXXXXXXXXXXXXXXXXXXXXXXXXXXXXXXXXXXXXXXXXXXX 
.................... INT1 PHIM_BT1(UNSIGNED INT16 DL ) 
.................... {   
....................     IF (!INPUT(BT1)) 
....................     {   
....................       DL_BTN++; 
....................        
....................       IF (DL_BTN>= DL) 
....................          { 
....................             DL_BTN =0; 
....................             RETURN(1); 
....................          } 
....................       ELSE RETURN(0); 
....................     } 
....................     ELSE    RETURN(0); 
.................... }  
.................... //XXXXXXXXXXXXXXXXXXXXXXXXXXXXXXXXXXXXXXXXXXXX 
.................... //CHUONG TRINH KIEM TRA PHIM BT2       
.................... //XXXXXXXXXXXXXXXXXXXXXXXXXXXXXXXXXXXXXXXXXXXX                                     
.................... INT1 PHIM_BT2(UNSIGNED INT16 DL ) 
.................... {                                         
....................     IF (!INPUT(BT2)) 
....................     {   
....................       DL_BTN++; 
....................        
....................       IF (DL_BTN>= DL) 
....................          { 
....................             DL_BTN =0; 
....................             RETURN(1); 
....................          } 
....................       ELSE RETURN(0); 
....................     } 
....................     ELSE    RETURN(0); 
....................                                           
.................... }       
....................  
.................... //XXXXXXXXXXXXXXXXXXXXXXXXXXXXXXXXXXXXXXXXXXXX 
.................... //CHUONG TRINH KIEM TRA PHIM BT3 
.................... //XXXXXXXXXXXXXXXXXXXXXXXXXXXXXXXXXXXXXXXXXXXX 
.................... INT1 PHIM_BT3(UNSIGNED INT16 DL,  UNSIGNED INT8 SOLAN  ) 
.................... {   
....................     IF (!INPUT(BT3)) 
....................     {   
....................       DL_BTN++; 
....................       IF(DL_BTN==1) RETURN(1); 
....................       ELSE 
....................       { 
....................          IF (DL_BTN>= DL) 
....................          DL_BTN =SOLAN; 
....................       } 
....................     } 
....................     ELSE    
....................     { 
....................       //DL_BTN =0; 
....................       RETURN(0); 
....................     } 
.................... }  
.................... //XXXXXXXXXXXXXXXXXXXXXXXXXXXXXXXXXXXXXXXXXXXX 
.................... //KHAI BAO DU LIEU 16 BIT CHO MODULE RELAY, TRIAC, BUZZER, DONG CO 
.................... //XXXXXXXXXXXXXXXXXXXXXXXXXXXXXXXXXXXXXXXXXXXX 
.................... UNSIGNED INT16 RBDC; 
.................... #BIT STEP_MOTOR_ENABLE  = RBDC.0    //1=ENA,0=DIS 
.................... #BIT STEP_MOTOR_IN1     = RBDC.1     
.................... #BIT STEP_MOTOR_IN2     = RBDC.2 
.................... #BIT STEP_MOTOR_IN3     = RBDC.3 
.................... #BIT STEP_MOTOR_IN4     = RBDC.4 
.................... #BIT DC_ENABLE          = RBDC.5    //1=ENA,0=DIS 
.................... #BIT PWRKEY             = RBDC.6    //KHOI TAO SIM900 
....................  
.................... #BIT BUZZER             = RBDC.8    //1=ON,0=OFF 
.................... #BIT TRIAC_1            = RBDC.9    //1=ON,0=OFF 
.................... #BIT TRIAC_2            = RBDC.10   //1=ON,0=OFF 
.................... #BIT RELAY_1            = RBDC.11   //0=ON,1=OFF 
.................... #BIT RELAY_2            = RBDC.12   //0=ON,1=OFF 
....................  
.................... //HAM 103 
.................... //XXXXXXXXXXXXXXXXXXXXXXXXXXXXXXXXXXXXXXXXXXXX 
.................... //CHUONG TRINH CON KHOI TAO IC CHOT 
.................... //XXXXXXXXXXXXXXXXXXXXXXXXXXXXXXXXXXXXXXXXXXXX          
.................... #DEFINE     CHO_IC_74573_A_GOI_DU_LIEU     OUTPUT_HIGH(ENABLE_573A) 
.................... #DEFINE     CHOT_IC_74573_A_GOI_DU_LIEU    OUTPUT_LOW(ENABLE_573A) 
....................  
.................... #DEFINE     CHO_IC_74573_B_GOI_DU_LIEU     OUTPUT_HIGH(ENABLE_573B) 
.................... #DEFINE     CHOT_IC_74573_B_GOI_DU_LIEU    OUTPUT_LOW(ENABLE_573B) 
.................... VOID MO_IC_74573_A_THONG_DL(); 
....................  
.................... //XXXXXXXXXXXXXXXXXXXXXXXXXXXXXXXXXXXXXXXXXXXX    
.................... CONST UNSIGNED CHAR MA7DOAN[16]= {0XC0,0XF9,0xA4,0XB0,0X99,0X92,0X82,0XF8, 
.................... 0X80,0X90,0x88, 0x83, 0xC6, 0xA1, 0x86, 0x8E}; 
.................... #DEFINE     MASO0    0XC0 
.................... #DEFINE     MASO1    0XF9 
.................... #DEFINE     MASO2    0XA4 
.................... #DEFINE     MASO3    0XB0 
.................... #DEFINE     MASO4    0X99 
.................... #DEFINE     MASO5    0X92 
.................... #DEFINE     MASO6    0X82 
.................... #DEFINE     MASO7    0XF8 
....................  
.................... //XXXXXXXXXXXXXXXXXXXXXXXXXXXXXXXXXXXXXXXXXXXX  
.................... //HAM 102 
.................... //XXXXXXXXXXXXXXXXXXXXXXXXXXXXXXXXXXXXXXXXXXXX     
.................... //XUAT 1 BYTE RA THANH GHI DICH 
.................... //XXXXXXXXXXXXXXXXXXXXXXXXXXXXXXXXXXXXXXXXXXXX     
.................... VOID XUAT_1BYTE(UNSIGNED INT8 BYTEXUAT) 
.................... { 
....................    UNSIGNED INT8   SB,X;    
....................    #BIT BSERI  = X.7 
....................    X = BYTEXUAT; 
*
01C4:  MOVFF  6C,6E
....................    FOR (SB=0;SB<8;SB++) 
01C8:  CLRF   x6D
01CA:  MOVF   x6D,W
01CC:  SUBLW  07
01CE:  BNC   01EC
....................       {                                                  
....................          OUTPUT_BIT(SSDO,BSERI);     
01D0:  BTFSC  x6E.7
01D2:  BRA    01D8
01D4:  BCF    F8D.2
01D6:  BRA    01DA
01D8:  BSF    F8D.2
01DA:  BCF    F96.2
....................          OUTPUT_LOW(SSCK); OUTPUT_HIGH(SSCK); 
01DC:  BCF    F96.0
01DE:  BCF    F8D.0
01E0:  BCF    F96.0
01E2:  BSF    F8D.0
....................          X= X<<1;          
01E4:  BCF    FD8.0
01E6:  RLCF   x6E,F
01E8:  INCF   x6D,F
01EA:  BRA    01CA
....................      } 
01EC:  RETURN 0
.................... } 
.................... //XXXXXXXXXXXXXXXXXXXXXXXXXXXXXXXXXXXXXXXXXXXX  
.................... //HAM 301 
.................... //XXXXXXXXXXXXXXXXXXXXXXXXXXXXXXXXXXXXXXXXXXXX 
.................... //CHUONG TRINH CON XUAT 4 BYTE RA 32 LED DON 
.................... //XXXXXXXXXXXXXXXXXXXXXXXXXXXXXXXXXXXXXXXXXXXX 
.................... VOID XUAT_32LED_DON_4BYTE(UNSIGNED INT8 BLD3,BLD2,BLD1,BLD0) 
.................... {      
....................       XUAT_1BYTE(BLD3);           
....................       XUAT_1BYTE(BLD2); 
....................       XUAT_1BYTE(BLD1);           
....................       XUAT_1BYTE(BLD0);             
....................       MO_32_LED_DON;       
....................       MO_IC_74573_A_THONG_DL();             
....................       OUTPUT_HIGH(RCK_32LED);    OUTPUT_LOW(RCK_32LED); 
....................       CHOT_IC_74573_A_GOI_DU_LIEU;       
.................... } 
.................... //HAM 302 
.................... //XXXXXXXXXXXXXXXXXXXXXXXXXXXXXXXXXXXXXXXXXXXX 
.................... //CHUONG TRINH CON XUAT 2 WORD 16 BITRA 32 LED DON 
.................... //XXXXXXXXXXXXXXXXXXXXXXXXXXXXXXXXXXXXXXXXXXXX 
.................... VOID XUAT_32LED_DON_2WORD(UNSIGNED INT16 WLD1, UNSIGNED INT16 WLD0) 
.................... {      
....................      UNSIGNED INT8  B3,B2,B1,B0; 
....................      B3 = WLD1>>8;  B2 = WLD1;  
....................      B1 = WLD0>>8;  B0 = WLD0; 
....................      XUAT_32LED_DON_4BYTE(B3,B2,B1,B0); 
.................... } 
.................... //HAM 303 
.................... //XXXXXXXXXXXXXXXXXXXXXXXXXXXXXXXXXXXXXXXXXXXX 
.................... //CHUONG TRINH CON XUAT 1 DOUBLE WORD RA 32 LED DON 
.................... //XXXXXXXXXXXXXXXXXXXXXXXXXXXXXXXXXXXXXXXXXXXX 
.................... VOID XUAT_32LED_DON_1DW(UNSIGNED LONG LONG DWLD) 
.................... {      
....................      UNSIGNED INT16  WD1,WD0; 
....................      WD1 = DWLD>>16;  WD0 = DWLD; 
....................      XUAT_32LED_DON_2WORD(WD1,WD0); 
.................... } 
....................  
.................... //HAM 304 
.................... //XXXXXXXXXXXXXXXXXXXXXXXXXXXXXXXXXXXXXXXXXXXX 
.................... //CHUONG TRINH CON MO 32 LED DON SANG 
.................... //XXXXXXXXXXXXXXXXXXXXXXXXXXXXXXXXXXXXXXXXXXXX 
.................... VOID MO_32LED_DON() 
.................... {         
....................      XUAT_32LED_DON_1DW(0XFFFFFFFF); 
.................... } 
.................... //HAM 305 
.................... //XXXXXXXXXXXXXXXXXXXXXXXXXXXXXXXXXXXXXXXXXXXX 
.................... //CHUONG TRINH CON TAT 32 LED DON  
.................... //XXXXXXXXXXXXXXXXXXXXXXXXXXXXXXXXXXXXXXXXXXXX 
.................... VOID TAT_32LED_DON() 
.................... {         
....................      XUAT_32LED_DON_1DW(0); 
.................... } 
.................... //XXXXXXXXXXXXXXXXXXXXXXXXXXXXXXXXXXXXXXXXXXXX     
.................... //XUAT 1 BIT ROI TRA LAI KET QUA SAU KHI DICH DI 1 BIT 
.................... //XXXXXXXXXXXXXXXXXXXXXXXXXXXXXXXXXXXXXXXXXXXX     
.................... UNSIGNED  INT8 XUAT_1BIT(UNSIGNED INT8 BYTEXUAT) 
.................... { 
....................       UNSIGNED INT8   XBITX;    
....................       #BIT BSERIX  = XBITX.0 
....................       XBITX = BYTEXUAT; 
....................                                              
....................       OUTPUT_BIT(SSDO,BSERIX);     
....................       OUTPUT_LOW(SSCK); OUTPUT_HIGH(SSCK); 
....................       XBITX= XBITX>>1;    
....................       RETURN(XBITX);   
.................... } 
.................... //XXXXXXXXXXXXXXXXXXXXXXXXXXXXXXXXXXXXXXXXXXXX  
.................... //HAM 101 
.................... //XXXXXXXXXXXXXXXXXXXXXXXXXXXXXXXXXXXXXXXXXXXX     
.................... //HAM KHOI TAO CAC PORT VA IC CHOT 
.................... //XXXXXXXXXXXXXXXXXXXXXXXXXXXXXXXXXXXXXXXXXXXX     
....................    VOID SET_UP_PORT_IC_CHOT() 
.................... {      
....................       SET_TRIS_D(0x00);     
*
01A6:  MOVLW  00
01A8:  MOVWF  F95
....................       SET_TRIS_E(0X00); 
01AA:  MOVWF  F96
....................       OUTPUT_D(0XFF); 
01AC:  CLRF   F95
01AE:  SETF   F8C
....................       TIN_HIEU_DK_74573_A=0XFF;   
01B0:  SETF   16
....................       TIN_HIEU_DK_74573_B=0XFF;       
01B2:  SETF   17
....................       CHOT_IC_74573_A_GOI_DU_LIEU; 
01B4:  BCF    F95.1
01B6:  BCF    F8C.1
....................       CHOT_IC_74573_B_GOI_DU_LIEU;   
01B8:  BCF    F95.0
01BA:  BCF    F8C.0
....................       RBDC=0; 
01BC:  CLRF   1A
01BE:  CLRF   19
01C0:  GOTO   0B4A (RETURN)
.................... } 
.................... //HAM 104 
.................... //XXXXXXXXXXXXXXXXXXXXXXXXXXXXXXXXXXXXXXXXXXXX     
.................... //XUAT CÁC THIEU DIEU KHIEN  
.................... //GIU NGUYEN CAC TRANG THAI CUA 2 MODULE KHAC 
.................... //XXXXXXXXXXXXXXXXXXXXXXXXXXXXXXXXXXXXXXXXXXXX     
.................... VOID MO_IC_74573_A_THONG_DL() 
.................... {      
....................       OUTPUT_D(0X00); 
*
0256:  CLRF   F95
0258:  CLRF   F8C
....................       OUTPUT_BIT(G_32LED,G_32A); 
025A:  BTFSC  16.4
025C:  BRA    0262
025E:  BCF    F8C.4
0260:  BRA    0264
0262:  BSF    F8C.4
0264:  BCF    F95.4
....................       OUTPUT_BIT(G_4LED7DOAN,G_4A); 
0266:  BTFSC  16.6
0268:  BRA    026E
026A:  BCF    F8C.6
026C:  BRA    0270
026E:  BSF    F8C.6
0270:  BCF    F95.6
....................       OUTPUT_BIT(G_LCD20X4,G_LCDA);   
0272:  BTFSC  16.2
0274:  BRA    027A
0276:  BCF    F8C.2
0278:  BRA    027C
027A:  BSF    F8C.2
027C:  BCF    F95.2
....................       CHO_IC_74573_A_GOI_DU_LIEU; 
027E:  BCF    F95.1
0280:  BSF    F8C.1
0282:  RETURN 0
.................... } 
.................... VOID MO_IC_74573_B_THONG_DL() 
.................... {      
....................       OUTPUT_D(0X00); 
*
01EE:  CLRF   F95
01F0:  CLRF   F8C
....................       OUTPUT_BIT(G_MATRANLED,G_MTB); 
01F2:  BTFSC  17.6
01F4:  BRA    01FA
01F6:  BCF    F8C.6
01F8:  BRA    01FC
01FA:  BSF    F8C.6
01FC:  BCF    F95.6
....................       OUTPUT_BIT(G_8LEDQUET,G_8B); 
01FE:  BTFSC  17.4
0200:  BRA    0206
0202:  BCF    F8C.4
0204:  BRA    0208
0206:  BSF    F8C.4
0208:  BCF    F95.4
....................       OUTPUT_BIT(G_BUZERELAY,G_RBDCB);  
020A:  BTFSC  17.2
020C:  BRA    0212
020E:  BCF    F8C.2
0210:  BRA    0214
0212:  BSF    F8C.2
0214:  BCF    F95.2
....................       CHO_IC_74573_B_GOI_DU_LIEU; 
0216:  BCF    F95.0
0218:  BSF    F8C.0
021A:  GOTO   0236 (RETURN)
.................... } 
.................... //ham 401 
.................... //XXXXXXXXXXXXXXXXXXXXXXXXXXXXXXXXXXXXXXXXXXXX 
.................... //CHUONG TRINH CON XUAT 4 BYTE RA 4 LED 7 DOAN 
.................... //XXXXXXXXXXXXXXXXXXXXXXXXXXXXXXXXXXXXXXXXXXXX 
.................... VOID XUAT_4LED_7DOAN_4SO(UNSIGNED INT BL743,BL742,BL741,BL740) 
.................... {      
....................       XUAT_1BYTE(BL740);   XUAT_1BYTE(BL741); 
*
0742:  MOVFF  6B,6C
0746:  RCALL  01C4
0748:  MOVFF  6A,6C
074C:  RCALL  01C4
....................       XUAT_1BYTE(BL742);   XUAT_1BYTE(BL743); 
074E:  MOVFF  69,6C
0752:  RCALL  01C4
0754:  MOVFF  68,6C
0758:  RCALL  01C4
....................        
....................       MO_4_LED_7DOAN; 
075A:  BCF    16.6
....................       MO_IC_74573_A_THONG_DL(); 
075C:  RCALL  0256
....................         
....................       OUTPUT_LOW(RCK_4LED7DOAN);   OUTPUT_HIGH(RCK_4LED7DOAN);  
075E:  BCF    F95.7
0760:  BCF    F8C.7
0762:  BCF    F95.7
0764:  BSF    F8C.7
....................       CHOT_IC_74573_A_GOI_DU_LIEU; 
0766:  BCF    F95.1
0768:  BCF    F8C.1
076A:  GOTO   0882 (RETURN)
.................... } 
.................... //ham 404 
.................... VOID XUAT_4LED_7DOAN_3SO(UNSIGNED INT BL742,BL741,BL740) 
.................... {      
....................      XUAT_4LED_7DOAN_4SO(0XFF,BL742,BL741,BL740); 
.................... } 
.................... //ham 403 
.................... VOID XUAT_4LED_7DOAN_2SO(UNSIGNED INT BL741,BL740) 
.................... {      
....................      XUAT_4LED_7DOAN_4SO(0XFF,0XFF,BL741,BL740); 
.................... } 
.................... //ham 402 
.................... VOID XUAT_4LED_7DOAN_1SO(UNSIGNED INT BL740) 
.................... {      
....................      XUAT_4LED_7DOAN_4SO(0XFF,0XFF,0XFF,BL740); 
.................... } 
....................  
.................... //ham 405 
.................... //XXXXXXXXXXXXXXXXXXXXXXXXXXXXXXXXXXXXXXXXXXXXXXXXXXXXXXXXXXXXX 
.................... //CHUONG TRINH CON HIEN THI DU LIEU 16 BIT TREN 4 LED 7 DOAN 
.................... //XXXXXXXXXXXXXXXXXXXXXXXXXXXXXXXXXXXXXXXXXXXXXXXXXXXXXXXXXXXXX 
.................... UNSIGNED CHAR DONVI4,CHUC4,TRAM4,NGAN4; 
.................... VOID  XUAT_4LED_7DOAN_GIAIMA_XOA_SO0 (UNSIGNED INT16 TAM) 
.................... {          
....................       DONVI4 = MA7DOAN[TAM %10];          
....................       CHUC4  = MA7DOAN[TAM/10%10]; 
....................       TRAM4  = MA7DOAN[TAM/100%10];  
....................       NGAN4  = MA7DOAN[TAM/1000%10];        
....................       IF (NGAN4==0XC0) 
....................       { 
....................          NGAN4=0XFF; 
....................          IF (TRAM4==0XC0) 
....................          { 
....................             TRAM4=0XFF; 
....................             IF (CHUC4==0XC0)   CHUC4=0XFF; 
....................          } 
....................       } 
....................       XUAT_4LED_7DOAN_4SO(NGAN4,TRAM4,CHUC4,DONVI4);    
.................... } 
.................... UNSIGNED INT8 LCDDATA=0;  
.................... UNSIGNED INT8 LCDCONTROL=0; 
.................... UNSIGNED INT8 GLCDDATA=0; 
.................... UNSIGNED INT8 GLCDCONTROL=0;  
.................... //HAM 701 
.................... //XXXXXXXXXXXXXXXXXXXXXXXXXXXXXXXXXXXXXXXXXXXXXXXXXXXXXXXXXXXXX 
.................... //CHUONG TRINH CON XUAT DU LIEU 4 BYTE RA GLCD VA LCD 
.................... //XXXXXXXXXXXXXXXXXXXXXXXXXXXXXXXXXXXXXXXXXXXXXXXXXXXXXXXXXXXXX 
.................... VOID XUAT_GLCD_LCD() 
.................... {       
....................     XUAT_1BYTE(GLCDCONTROL);              
*
0284:  MOVFF  22,6C
0288:  RCALL  01C4
....................     XUAT_1BYTE(GLCDDATA); 
028A:  MOVFF  21,6C
028E:  RCALL  01C4
....................     XUAT_1BYTE(LCDCONTROL);        
0290:  MOVFF  20,6C
0294:  RCALL  01C4
....................     XUAT_1BYTE(LCDDATA);       
0296:  MOVFF  1F,6C
029A:  RCALL  01C4
....................        
....................     MO_GLCD_LCD; 
029C:  BCF    16.2
....................     MO_IC_74573_A_THONG_DL();             
029E:  RCALL  0256
....................     OUTPUT_HIGH(RCK_LCD20X4);      
02A0:  BCF    F95.3
02A2:  BSF    F8C.3
....................     OUTPUT_LOW(RCK_LCD20X4); 
02A4:  BCF    F95.3
02A6:  BCF    F8C.3
....................     CHOT_IC_74573_A_GOI_DU_LIEU; 
02A8:  BCF    F95.1
02AA:  BCF    F8C.1
02AC:  GOTO   02BE (RETURN)
.................... } 
.................... //HAM 702 
.................... VOID XUAT_LCD20X4(UNSIGNED INT8 LCD_SIGNAL,LCD_INS_HTHI) 
.................... {      
....................     LCDCONTROL = ~LCD_SIGNAL; 
02B0:  MOVF   x62,W
02B2:  MOVWF  20
02B4:  COMF   20,F
....................     LCDDATA    = ~LCD_INS_HTHI;       
02B6:  MOVFF  63,1F
02BA:  COMF   1F,F
....................     XUAT_GLCD_LCD(); 
02BC:  BRA    0284
02BE:  RETURN 0
.................... } 
.................... //HAM 703 
.................... VOID XUAT_GLCD128X64(UNSIGNED INT8 GLCD_SIGNAL,GLCD_INS_HTHI) 
.................... {      
....................     GLCDCONTROL = ~GLCD_SIGNAL; 
....................     GLCDDATA    = ~GLCD_INS_HTHI;      
....................     XUAT_GLCD_LCD(); 
.................... } 
.................... //HAM 501 
.................... //XXXXXXXXXXXXXXXXXXXXXXXXXXXXXXXXXXXXXXXXXXXX 
.................... //CHUONG TRINH CON XUAT 2 BYTE RA DK 1 LED QUET SANG 
.................... //XXXXXXXXXXXXXXXXXXXXXXXXXXXXXXXXXXXXXXXXXXXX 
.................... VOID XUAT_8LED_7DOAN_QUET_1(UNSIGNED INT MA,SO_HTHI) 
.................... {      
....................       XUAT_1BYTE(~MA);   XUAT_1BYTE(~SO_HTHI); 
....................        
....................       MO_8_LED_QUET; 
....................       MO_IC_74573_B_THONG_DL(); 
....................        
....................       OUTPUT_HIGH(RCK_8LEDQUET); OUTPUT_LOW(RCK_8LEDQUET); 
....................       CHOT_IC_74573_B_GOI_DU_LIEU; 
.................... } 
.................... //HAM 502 
.................... //XXXXXXXXXXXXXXXXXXXXXXXXXXXXXXXXXXXXXXXXXXXX 
.................... //CHUONG TRINH CON XUAT 2 BYTE RA TAT 8 LED QUET 
.................... //XXXXXXXXXXXXXXXXXXXXXXXXXXXXXXXXXXXXXXXXXXXX 
.................... VOID XUAT_8LED_7DOAN_QUET_TAT_LED() 
.................... { 
....................    XUAT_8LED_7DOAN_QUET_1(0XFF,0XFF); 
.................... } 
.................... //HAM 503 
.................... //XXXXXXXXXXXXXXXXXXXXXXXXXXXXXXXXXXXXXXXXXXXX 
.................... //CHUONG TRINH CON HIEN THI LED THEO THU TU 
.................... //XXXXXXXXXXXXXXXXXXXXXXXXXXXXXXXXXXXXXXXXXXXX 
.................... CONST UNSIGNED CHAR TTLEDQUET[8]= {0x7F,0xBF,0xDF,0xEF,0xF7,0xFB,0xFD,0xFE}; 
.................... VOID XUAT_8LED_7DOAN_QUET_2(UNSIGNED INT THUTULED,SO_HTHI) 
.................... {          
....................       XUAT_1BYTE(~ (TTLEDQUET[THUTULED]));   XUAT_1BYTE(~SO_HTHI);      
....................       MO_8_LED_QUET; 
....................       MO_IC_74573_B_THONG_DL(); 
....................       OUTPUT_HIGH(RCK_8LEDQUET); OUTPUT_LOW(RCK_8LEDQUET); 
....................       CHOT_IC_74573_B_GOI_DU_LIEU; 
.................... } 
.................... //HAM 504 
.................... //XXXXXXXXXXXXXXXXXXXXXXXXXXXXXXXXXXXXXXXXXXXX 
.................... //CHUONG TRINH CON HIEN THI 8 SO TREN 8 LED QUET - CO KIEM TRA 
.................... //XXXXXXXXXXXXXXXXXXXXXXXXXXXXXXXXXXXXXXXXXXXX 
.................... UNSIGNED INT8 LED_7DQ[8]={0XFF,0XFF,0XFF,0XFF,0XFF,0XFF,0XFF,0XFF}; 
.................... UNSIGNED INT8 TT8LED=0; 
.................... VOID HIEN_THI_8LED_7DOAN_QUET() 
.................... {      
....................       FOR(TT8LED=0;TT8LED<8;TT8LED++) 
....................          IF (LED_7DQ[TT8LED]!=0XFF) 
....................          {            
....................             XUAT_8LED_7DOAN_QUET_2(TT8LED, LED_7DQ[TT8LED]); 
....................             //DELAY_US(100);  //THUC TE 
....................             DELAY_MS(20);     //MO PHONG PROTEUS 
....................             XUAT_8LED_7DOAN_QUET_TAT_LED();            
....................             } 
.................... } 
.................... //HAM 505 
.................... //XXXXXXXXXXXXXXXXXXXXXXXXXXXXXXXXXXXXXXXXXXXX 
.................... //CHUONG TRINH CON HIEN THI 8 SO TREN 8 LED QUET - KHONG KIEM TRA 
.................... //XXXXXXXXXXXXXXXXXXXXXXXXXXXXXXXXXXXXXXXXXXXX 
.................... VOID HIEN_THI_8LED_7DOAN_QUET_ALL() 
.................... {      
....................       FOR(TT8LED=0;TT8LED<8;TT8LED++)          
....................          {            
....................             XUAT_8LED_7DOAN_QUET_2(TT8LED, LED_7DQ[TT8LED]); 
.................... //!            DELAY_US(100);  //THUC TE 
....................             DELAY_MS(20);     //MO PHONG PROTEUS 
....................             XUAT_8LED_7DOAN_QUET_TAT_LED();            
....................             } 
.................... } 
....................  
.................... VOID DELAY_QUET_8LED(UNSIGNED INT16 DL) 
.................... {  
....................       UNSIGNED INT8 I; 
....................       FOR (I=0; I<DL;I++) 
....................       HIEN_THI_8LED_7DOAN_QUET_ALL(); 
.................... }  
....................  
.................... VOID GIAI_MA_GAN_CHO_8LED_QUET_16_XOA(UNSIGNED INT16 X) 
.................... {      
....................       LED_7DQ[0]= MA7DOAN [X %10];     
....................       LED_7DQ[1]= MA7DOAN [X/10%10]; 
....................       LED_7DQ[2]= MA7DOAN [X/100%10];     
....................       LED_7DQ[3]= MA7DOAN [X/1000%10]; 
....................       LED_7DQ[4]= MA7DOAN [X/10000%10]; 
....................       IF (LED_7DQ[4]==MASO0)  
....................       { 
....................             LED_7DQ[4]=0XFF; 
....................             IF (LED_7DQ[3]==MASO0)  
....................             { 
....................                LED_7DQ[3]=0XFF; 
....................                IF (LED_7DQ[2]==MASO0)  
....................                { 
....................                   LED_7DQ[2]=0XFF; 
....................                   IF (LED_7DQ[1]==MASO0)  
....................                   { 
....................                      LED_7DQ[1]=0XFF; 
....................                   } 
....................                } 
....................             } 
....................       } 
....................              
.................... } 
.................... //XXXXXXXXXXXXXXXXXXXXXXXXXXXXXXXXXXXXXXXXXXXX          
.................... VOID XUAT_2BYTE(UNSIGNED INT16 BYTE2XUAT) 
.................... { 
....................    INT8 SBB; 
....................    UNSIGNED INT16   XX;   //SHORT  BSERI; 
....................    #BIT BSERIX  = XX.15 
....................    XX = BYTE2XUAT; 
....................    FOR (SBB=0;SBB<16;SBB++) 
....................       {                                                  
....................          OUTPUT_BIT(SSDO,BSERIX);     
....................          OUTPUT_LOW(SSCK);          
....................          OUTPUT_HIGH(SSCK); 
....................          XX= XX<<1;          
....................      } 
.................... } 
.................... //XXXXXXXXXXXXXXXXXXXXXXXXXXXXXXXXXXXXXXXXXXXX 
.................... //CHUONG TRINH CON XUAT RA LED MA TRAN 
.................... //XXXXXXXXXXXXXXXXXXXXXXXXXXXXXXXXXXXXXXXXXXXX 
.................... VOID XUAT_MATRANLED(UNSIGNED INT16 MAHANG,UNSIGNED INT16 MACOT1, 
.................... UNSIGNED INT16 MACOT2,UNSIGNED INT16 MACOT3) 
.................... {       
....................       XUAT_2BYTE(MACOT3); 
....................       XUAT_2BYTE(MACOT2); 
....................       XUAT_2BYTE(MACOT1); 
....................       XUAT_2BYTE(MAHANG); 
....................        
....................       MO_LED_MATRAN; 
....................       MO_IC_74573_B_THONG_DL(); 
....................        
....................       OUTPUT_HIGH(RCK_MATRANLED); OUTPUT_LOW(RCK_MATRANLED);  
....................       CHOT_IC_74573_B_GOI_DU_LIEU; 
.................... } 
.................... //XXXXXXXXXXXXXXXXXXXXXXXXXXXXXXXXXXXXXXXXXXXX 
.................... //CHUONG TRINH CON XUAT RA LED MA TRAN 
.................... //XXXXXXXXXXXXXXXXXXXXXXXXXXXXXXXXXXXXXXXXXXXX 
.................... VOID TAT_MATRANLED() 
.................... {       
....................       XUAT_2BYTE(0); 
....................       XUAT_2BYTE(0); 
....................       XUAT_2BYTE(0); 
....................       XUAT_2BYTE(0);            
....................       OUTPUT_HIGH(RCK_MATRANLED);  
....................       OUTPUT_LOW(RCK_MATRANLED); 
.................... } 
.................... UNSIGNED  INT8 HIEU_CHINH_4BIT_CAO(UNSIGNED INT8 XZY) 
.................... { 
....................       INT1  BTG; 
....................       UNSIGNED INT8   BX;    
....................       #BIT BIT4  = BX.4 
....................       #BIT BIT5  = BX.5 
....................       #BIT BIT6  = BX.6 
....................       #BIT BIT7  = BX.7 
....................       BX=XZY; 
....................       BTG=BIT4;   BIT4=BIT7;  BIT7=BTG; 
....................       BTG=BIT5;   BIT5=BIT6;  BIT6=BTG;       
....................       RETURN(BX);   
.................... } 
.................... //HAM 601 
.................... //XXXXXXXXXXXXXXXXXXXXXXXXXXXXXXXXXXXXXXXXXXXXXXXXXXXX 
.................... //MODULE DIEU KHIEN RELAY,TRIAC, BUZZER, DONG CO, SIM 
.................... //XXXXXXXXXXXXXXXXXXXXXXXXXXXXXXXXXXXXXXXXXXXXXXXXXXXX 
.................... VOID XUAT_BUZZER_RELAY() 
.................... {      
....................    UNSIGNED INT8 RBDC1,RBDC2; 
....................       RBDC1=RBDC; RBDC2=RBDC>>8;       
*
021E:  MOVFF  19,5C
0222:  MOVFF  1A,5D
....................       XUAT_1BYTE(RBDC2);       
0226:  MOVFF  5D,6C
022A:  RCALL  01C4
....................       XUAT_1BYTE(RBDC1); 
022C:  MOVFF  5C,6C
0230:  RCALL  01C4
....................       MO_RELAY_BUZZER_DC; 
0232:  BCF    17.2
....................       MO_IC_74573_B_THONG_DL(); 
0234:  BRA    01EE
....................        
....................       OUTPUT_HIGH(RCK_BUZERELAY);   OUTPUT_LOW(RCK_BUZERELAY); 
0236:  BCF    F95.3
0238:  BSF    F8C.3
023A:  BCF    F95.3
023C:  BCF    F8C.3
....................       CHOT_IC_74573_B_GOI_DU_LIEU; 
023E:  BCF    F95.0
0240:  BCF    F8C.0
0242:  RETURN 0
.................... } 
.................... //HAM 602 
.................... //XXXXXXXXXXXXXXXXXXXXXXXXXXXXXXXXXXXXXXXXXXXXXXXXXXXX 
.................... VOID BUZZER_ON() 
.................... {     
....................       BUZZER=1; 
*
0AA2:  BSF    1A.0
....................       XUAT_BUZZER_RELAY();          
0AA4:  CALL   021E
0AA8:  GOTO   0AC0 (RETURN)
.................... } 
.................... //HAM 603 
.................... //XXXXXXXXXXXXXXXXXXXXXXXXXXXXXXXXXXXXXXXXXXXXXXXXXXXX 
.................... VOID BUZZER_OFF() 
.................... {      
....................       BUZZER=0; 
0AAC:  BCF    1A.0
....................       XUAT_BUZZER_RELAY(); 
0AAE:  CALL   021E
0AB2:  RETURN 0
.................... } 
.................... //HAM 604 
.................... //XXXXXXXXXXXXXXXXXXXXXXXXXXXXXXXXXXXXXXXXXXXXXXXXXXXX 
.................... VOID RELAY_1_ON() 
.................... {     
....................       RELAY_1=1; 
....................       XUAT_BUZZER_RELAY();          
.................... } 
.................... //HAM 603 
.................... //XXXXXXXXXXXXXXXXXXXXXXXXXXXXXXXXXXXXXXXXXXXXXXXXXXXX 
.................... VOID RELAY_1_OFF() 
.................... {     
....................       RELAY_1=0; 
....................       XUAT_BUZZER_RELAY();          
.................... } 
.................... //HAM 604 
.................... //XXXXXXXXXXXXXXXXXXXXXXXXXXXXXXXXXXXXXXXXXXXXXXXXXXXX 
.................... VOID RELAY_2_ON() 
.................... {     
....................       RELAY_2=1; 
....................       XUAT_BUZZER_RELAY();          
.................... } 
.................... //HAM 607 
.................... //XXXXXXXXXXXXXXXXXXXXXXXXXXXXXXXXXXXXXXXXXXXXXXXXXXXX 
.................... VOID RELAY_2_OFF() 
.................... {     
....................       RELAY_2=0; 
....................       XUAT_BUZZER_RELAY();          
.................... } 
.................... //HAM 608 
.................... //XXXXXXXXXXXXXXXXXXXXXXXXXXXXXXXXXXXXXXXXXXXXXXXXXXXX 
.................... VOID RELAY_1_RELAY_2_ON() 
.................... {     
....................       RELAY_1=1;  RELAY_2=1; 
....................       XUAT_BUZZER_RELAY();          
.................... } 
.................... //HAM 609 
.................... //XXXXXXXXXXXXXXXXXXXXXXXXXXXXXXXXXXXXXXXXXXXXXXXXXXXX 
.................... VOID RELAY_1_RELAY_2_OFF() 
.................... {     
....................       RELAY_1=0;  RELAY_2=0; 
....................       XUAT_BUZZER_RELAY();          
.................... } 
.................... //HAM 610 
.................... //XXXXXXXXXXXXXXXXXXXXXXXXXXXXXXXXXXXXXXXXXXXXXXXXXXXX 
.................... VOID TRIAC_1_ON() 
.................... {     
....................       TRIAC_1=1; 
....................       XUAT_BUZZER_RELAY();          
.................... } 
.................... //HAM 611 
.................... //XXXXXXXXXXXXXXXXXXXXXXXXXXXXXXXXXXXXXXXXXXXXXXXXXXXX 
.................... VOID TRIAC_1_OFF() 
.................... {     
....................       TRIAC_1=0; 
....................       XUAT_BUZZER_RELAY();          
.................... } 
.................... //HAM 612 
.................... //XXXXXXXXXXXXXXXXXXXXXXXXXXXXXXXXXXXXXXXXXXXXXXXXXXXX 
.................... VOID TRIAC_2_ON() 
.................... {     
....................       TRIAC_2=1; 
....................       XUAT_BUZZER_RELAY();          
.................... } 
.................... //HAM 613 
.................... //XXXXXXXXXXXXXXXXXXXXXXXXXXXXXXXXXXXXXXXXXXXXXXXXXXXX 
.................... VOID TRIAC_2_OFF() 
.................... {     
....................       TRIAC_2=0; 
....................       XUAT_BUZZER_RELAY();          
.................... } 
.................... //XXXXXXXXXXXXXXXXXXXXXXXXXXXXXXXXXXXXXXXXXXXX 
....................  
....................  
....................  
.................... #include "lib/tv_pickit2_shift_dc_motor.c" 
.................... INT1 DCMOTOR_TN = 0, DCMOTOR_ONOFF=0; 
.................... //XXXXXXXXXXXXXXXXXXXXXXXXXXXXXXXXXXXXXXXXXXXXXXX 
.................... //CAC HAM CHO DK DONG CO DC ON OFF 
.................... //XXXXXXXXXXXXXXXXXXXXXXXXXXXXXXXXXXXXXXXXXXXXXXX 
.................... VOID DC_MOTOR_ENABLE() 
.................... { 
....................       DC_ENABLE=1; 
*
0244:  BSF    19.5
....................       XUAT_BUZZER_RELAY(); 
0246:  RCALL  021E
0248:  GOTO   0B66 (RETURN)
.................... } 
.................... VOID DC_MOTOR_QUAY_THUAN() 
.................... { 
....................       OUTPUT_HIGH(PIN_C1); 
*
0A72:  BCF    F94.1
0A74:  BSF    F8B.1
....................       OUTPUT_LOW(PIN_C2); 
0A76:  BCF    F94.2
0A78:  BCF    F8B.2
0A7A:  GOTO   0A98 (RETURN)
.................... } 
.................... VOID DC_MOTOR_QUAY_NGHICH() 
.................... { 
....................       OUTPUT_LOW(PIN_C1); 
0A7E:  BCF    F94.1
0A80:  BCF    F8B.1
....................       OUTPUT_HIGH(PIN_C2); 
0A82:  BCF    F94.2
0A84:  BSF    F8B.2
0A86:  GOTO   0A98 (RETURN)
.................... } 
.................... VOID DC_MOTOR_STOP() 
.................... { 
....................       OUTPUT_LOW(PIN_C1); 
*
024C:  BCF    F94.1
024E:  BCF    F8B.1
....................       OUTPUT_LOW(PIN_C2); 
0250:  BCF    F94.2
0252:  BCF    F8B.2
0254:  RETURN 0
.................... } 
.................... VOID DC_MOTOR_CONTROL() 
.................... { 
....................       IF (DCMOTOR_ONOFF==1) 
*
0A8A:  BTFSS  2C.1
0A8C:  BRA    0A9A
....................       { 
....................          IF (DCMOTOR_TN)   DC_MOTOR_QUAY_THUAN(); 
0A8E:  BTFSS  2C.0
0A90:  BRA    0A96
0A92:  BRA    0A72
0A94:  BRA    0A98
....................          ELSE              DC_MOTOR_QUAY_NGHICH(); 
0A96:  BRA    0A7E
....................       } 
0A98:  BRA    0A9E
....................       ELSE                 DC_MOTOR_STOP(); 
0A9A:  CALL   024C
0A9E:  GOTO   0CE6 (RETURN)
....................        
.................... }          
.................... //XXXXXXXXXXXXXXXXXXXXXXXXXXXXXXXXXXXXXXXXXXXXXXX 
.................... //CAC HAM CHO DK DONG CO DC BANG PWM 
.................... //XXXXXXXXXXXXXXXXXXXXXXXXXXXXXXXXXXXXXXXXXXXXXXX 
.................... UNSIGNED INT16    PWM_DUTY; 
.................... VOID DC_MOTOR_KTAO_CCP1_THUAN() 
.................... {      
....................       SETUP_CCP2(CCP_OFF);       
....................       SETUP_CCP1(CCP_PWM); 
....................       OUTPUT_LOW(PIN_C1);       
.................... } 
.................... VOID DC_MOTOR_KTAO_CCP2_NGHICH() 
.................... {             
....................       SETUP_CCP1(CCP_OFF);       
....................       SETUP_CCP2(CCP_PWM); 
....................       OUTPUT_LOW(PIN_C2); 
.................... } 
.................... VOID DC_MOTOR_KTAO_CCPX_KTAO() 
.................... {          
....................      IF (DCMOTOR_TN)   DC_MOTOR_KTAO_CCP1_THUAN(); 
....................      ELSE               DC_MOTOR_KTAO_CCP2_NGHICH();             
.................... } 
.................... VOID DC_MOTOR_PWW_SETUP_DUTY() 
.................... {      
....................      IF (DCMOTOR_TN)   SET_PWM1_DUTY(PWM_DUTY); 
....................      ELSE               SET_PWM2_DUTY(PWM_DUTY);      
.................... }  
.................... VOID DC_MOTOR_PWM_CCP1_CCP2_STOP() 
.................... {          
....................       PWM_DUTY=0;             
....................       SETUP_CCP1(CCP_OFF); 
....................       SETUP_CCP2(CCP_OFF); 
....................       DC_MOTOR_KTAO_CCPX_KTAO(); 
....................       DC_MOTOR_PWW_SETUP_DUTY(); 
.................... } 
....................  
.................... #include "lib/tv_pickit2_shift_ds1307_i2c.c" 
.................... #INCLUDE <TV_PICKIT2_SHIFT_LCD.c> 
.................... UNSIGNED INT8 LCD_CONTROL;   
.................... #bit LCD_P = LCD_CONTROL.3 
.................... #bit LCD_RS = LCD_CONTROL.2 
.................... #bit LCD_RW = LCD_CONTROL.1 
.................... #bit LCD_E  = LCD_CONTROL.0 
....................  
.................... #DEFINE LCD_FUNCTION_SET       0X38 
.................... #DEFINE LCD_DISPLAY_CONTROL    0X0C 
.................... #DEFINE LCD_CLEAR_DISPLAY      0X01 
.................... #DEFINE LCD_ENTRY_MODE         0X06 
.................... #DEFINE LCD_SHIFT_LEFT         0X18 
.................... #DEFINE LCD_SHIFT_RIGHT        0X1C 
....................  
.................... #DEFINE LCD_ADDR_LINE1         0X80 
.................... #DEFINE LCD_ADDR_LINE2         0XC0 
.................... #DEFINE LCD_ADDR_LINE3         0X94 
.................... #DEFINE LCD_ADDR_LINE4         0XD4 
....................  
.................... VOID LCD_XUAT_8BIT(INT8 LCD_DATA_X) 
.................... { 
....................       LCD_E=1; XUAT_LCD20X4(LCD_CONTROL,LCD_DATA_X);      
*
02C0:  BSF    2F.0
02C2:  MOVFF  2F,62
02C6:  MOVFF  61,63
02CA:  RCALL  02B0
....................       LCD_E=0; XUAT_LCD20X4(LCD_CONTROL,LCD_DATA_X);  
02CC:  BCF    2F.0
02CE:  MOVFF  2F,62
02D2:  MOVFF  61,63
02D6:  RCALL  02B0
02D8:  RETURN 0
.................... } 
.................... void LCD_COMMAND(INT8 LCD_DATA_X)    
....................   { 
....................       LCD_RS = 0; 
02DA:  BCF    2F.2
....................       LCD_XUAT_8BIT(LCD_DATA_X); 
02DC:  MOVFF  60,61
02E0:  RCALL  02C0
....................       DELAY_US(20); 
02E2:  MOVLW  20
02E4:  MOVWF  00
02E6:  DECFSZ 00,F
02E8:  BRA    02E6
02EA:  BRA    02EC
02EC:  NOP   
02EE:  RETURN 0
....................   } 
.................... void LCD_DATA(INT8 LCD_DATA_X)        
....................   { 
....................       LCD_RS = 1;      
*
0378:  BSF    2F.2
....................       LCD_XUAT_8BIT(LCD_DATA_X); 
037A:  MOVFF  5E,61
037E:  RCALL  02C0
....................       DELAY_US(20); 
0380:  MOVLW  20
0382:  MOVWF  00
0384:  DECFSZ 00,F
0386:  BRA    0384
0388:  BRA    038A
038A:  NOP   
038C:  RETURN 0
....................   } 
....................    
.................... VOID SETUP_LCD () 
.................... {                      
....................          LCD_E  = 0;  
*
0316:  BCF    2F.0
....................          LCD_RW = 0;  
0318:  BCF    2F.1
....................          LCD_RS = 1;  
031A:  BSF    2F.2
....................          LCD_P =0; 
031C:  BCF    2F.3
....................          LCD_COMMAND(LCD_FUNCTION_SET);          
031E:  MOVLW  38
0320:  MOVWF  x60
0322:  RCALL  02DA
....................          DELAY_US(40); 
0324:  MOVLW  42
0326:  MOVWF  00
0328:  DECFSZ 00,F
032A:  BRA    0328
032C:  NOP   
....................          LCD_COMMAND(LCD_DISPLAY_CONTROL);    
032E:  MOVLW  0C
0330:  MOVWF  x60
0332:  RCALL  02DA
....................          DELAY_US(40); 
0334:  MOVLW  42
0336:  MOVWF  00
0338:  DECFSZ 00,F
033A:  BRA    0338
033C:  NOP   
....................          LCD_COMMAND(LCD_CLEAR_DISPLAY);       
033E:  MOVLW  01
0340:  MOVWF  x60
0342:  RCALL  02DA
....................          DELAY_MS(2); 
0344:  MOVLW  02
0346:  MOVWF  5F
0348:  RCALL  02F0
....................          LCD_COMMAND(LCD_ENTRY_MODE);        
034A:  MOVLW  06
034C:  MOVWF  x60
034E:  RCALL  02DA
....................          DELAY_US(40);                 
0350:  MOVLW  42
0352:  MOVWF  00
0354:  DECFSZ 00,F
0356:  BRA    0354
0358:  NOP   
035A:  GOTO   0B6E (RETURN)
.................... } 
....................  
.................... CONST UNSIGNED CHAR LCD_SO_X[11][6] ={ 
....................                   0,1,2,5,3,4,               // SO 0 
....................                   1,2,32,3,7,3,              // SO 1 
....................                   6,6,2,5,3,3,               // SO 2 
....................                   6,6,2,3,3,4,               // SO 3 
....................                   7,3,7,32,32,7,             // SO 4 
....................                   7,6,6,3,3,4,               // SO 5 
....................                   0,6,6,5,3,4,               // SO 6 
....................                   1,1,7,32,32,7,             // SO 7 
....................                   0,6,2,5,3,4,               // SO 8 
....................                   0,6,2,3,3,4 
....................                   32,32,32,32,32,32};             // SO 9 
....................                    
.................... CONST UNSIGNED CHAR LCD_SO_XX[10][9] ={ 
....................                   0,1,2,7,32,7,5,3,4,               // SO 0 
....................                   1,2,32,32,7,32,3,7,3,             // SO 1 
....................                   1,1,2,0,1,1,5,3,3,                // SO 2 
....................                   1,1,2,1,1,7,3,3,4,                // SO 3 
....................                   7,32,7,1,1,7,32,32,7,             // SO 4 
....................                   7,6,6,3,3,4,               // SO 5 
....................                   0,6,6,5,3,4,               // SO 6 
....................                   1,1,7,32,32,7,             // SO 7 
....................                   0,6,2,5,3,4,               // SO 8 
....................                   0,6,2,3,3,4};             // SO 9                   
....................                    
.................... CONST UNSIGNED CHAR LCD_MA_8DOAN[] = { 
....................    0x07,0x0F,0x1F,0x1F,0x1F,0x1F,0x1F,0x1F,  //DOAN F - 0 
....................    0x1F,0x1F,0x1F,0X00,0X00,0X00,0X00,0X00,  //DOAN A - 1 
....................    0x1C,0x1E,0x1F,0x1F,0x1F,0x1F,0x1F,0x1F,  //DOAN B - 2 
....................    0X00,0X00,0X00,0X00,0X00,0x1F,0x1F,0x1F,  //DOAN D - 3 
....................    0x1F,0x1F,0x1F,0x1F,0x1F,0x1F,0x1E,0x1C,  //DOAN C - 4 
....................    0x1F,0x1F,0x1F,0x1F,0x1F,0x1F,0x0F,0x07,  //DOAN E - 5 
....................    0x1F,0x1F,0x1F,0X00,0X00,0X00,0x1F,0x1F,  //DOAN G+D-6  
....................    0x1F,0x1F,0x1F,0x1F,0x1F,0x1F,0x1F,0x1F}; //DOAN I  -7 
....................     
.................... VOID LCD_GOTO_XY(SIGNED INT8 X, SIGNED INT8 Y) 
.................... {  
....................    CONST UNSIGNED INT8 LCD_VITRI[]={0x80,0xC0,0x94,0xD4}; 
....................    LCD_COMMAND(LCD_VITRI[X]+Y); 
035E:  CLRF   03
0360:  MOVF   5D,W
0362:  MOVFF  FF2,5F
0366:  BCF    FF2.7
0368:  RCALL  00C0
036A:  BTFSC  5F.7
036C:  BSF    FF2.7
036E:  ADDWF  5E,W
0370:  MOVWF  5F
0372:  MOVWF  x60
0374:  RCALL  02DA
0376:  RETURN 0
.................... } 
....................  
.................... VOID XXX() 
.................... {  
....................    SIGNED INT8 X; 
....................    X= LCD_SO_X[0][0]; 
....................    X= LCD_MA_8DOAN[0]; 
.................... } 
....................  
.................... #define   GIAY_HTAI      0X59 
.................... #define   PHUT_HTAI      0X59 
.................... #define   GIO_HTAI       0X21 
.................... #define   THU_HTAI       0X04 
.................... #define   NGAY_HTAI      0X20 
.................... #define   THANG_HTAI     0X04 
.................... #define   NAM_HTAI       0X22       
.................... #define   MA_DS          0X91 
....................  
.................... #define  ADDR_WR_13B07   0xD0 
.................... #define  ADDR_RD_13B07   0xD1 
.................... #define  ADDR_MEM        0x00 
....................  
.................... UNSIGNED  CHAR    NAM_DS13,THANG_DS13,NGAY_DS13,THU_DS13,GIO_DS13, 
....................                   PHUT_DS13,GIAY_DS13,MA_DS13,CONTROL_DS13,GIAYTAM; 
....................                                 
.................... void THIET_LAP_THOI_GIAN_HIEN_TAI() 
.................... {     GIAY_DS13   =   GIAY_HTAI;       PHUT_DS13  =    PHUT_HTAI;    
*
0556:  MOVLW  59
0558:  MOVWF  36
055A:  MOVWF  35
....................       GIO_DS13    =   GIO_HTAI;        THU_DS13   =    THU_HTAI; 
055C:  MOVLW  21
055E:  MOVWF  34
0560:  MOVLW  04
0562:  MOVWF  33
....................       NGAY_DS13   =   NGAY_HTAI;       THANG_DS13 =    THANG_HTAI;    
0564:  MOVLW  20
0566:  MOVWF  32
0568:  MOVLW  04
056A:  MOVWF  31
....................       NAM_DS13    =   NAM_HTAI;    
056C:  MOVLW  22
056E:  MOVWF  30
....................       CONTROL_DS13 = 0X90;             MA_DS13      =   MA_DS; 
0570:  MOVLW  90
0572:  MOVWF  38
0574:  MOVLW  91
0576:  MOVWF  37
0578:  GOTO   0BA0 (RETURN)
.................... } 
....................   
.................... void NAP_THOI_GIAN_HTAI_VAO_DS13B07() 
.................... {     I2C_START();          
057C:  BSF    F93.0
057E:  MOVLW  05
0580:  MOVWF  00
0582:  DECFSZ 00,F
0584:  BRA    0582
0586:  BSF    F93.1
0588:  MOVLW  06
058A:  MOVWF  00
058C:  DECFSZ 00,F
058E:  BRA    058C
0590:  BCF    F8A.0
0592:  BCF    F93.0
0594:  MOVLW  05
0596:  MOVWF  00
0598:  DECFSZ 00,F
059A:  BRA    0598
059C:  BCF    F8A.1
059E:  BCF    F93.1
....................       I2C_WRITE(ADDR_WR_13B07);     
05A0:  MOVLW  D0
05A2:  MOVWF  5C
05A4:  RCALL  03AE
....................       I2C_WRITE(0X00); 
05A6:  CLRF   5C
05A8:  RCALL  03AE
....................       I2C_WRITE(GIAY_DS13);        I2C_WRITE(PHUT_DS13);       
05AA:  MOVFF  36,5C
05AE:  RCALL  03AE
05B0:  MOVFF  35,5C
05B4:  RCALL  03AE
....................       I2C_WRITE(GIO_DS13);         I2C_WRITE(THU_DS13);       
05B6:  MOVFF  34,5C
05BA:  RCALL  03AE
05BC:  MOVFF  33,5C
05C0:  RCALL  03AE
....................       I2C_WRITE(NGAY_DS13);        I2C_WRITE(THANG_DS13);             
05C2:  MOVFF  32,5C
05C6:  RCALL  03AE
05C8:  MOVFF  31,5C
05CC:  RCALL  03AE
....................       I2C_WRITE(NAM_DS13);         I2C_WRITE(CONTROL_DS13);    
05CE:  MOVFF  30,5C
05D2:  RCALL  03AE
05D4:  MOVFF  38,5C
05D8:  RCALL  03AE
....................       I2C_WRITE(MA_DS13); 
05DA:  MOVFF  37,5C
05DE:  RCALL  03AE
....................       I2C_STOP(); 
05E0:  BCF    F93.0
05E2:  NOP   
05E4:  BSF    F93.1
05E6:  BTFSS  F81.1
05E8:  BRA    05E6
05EA:  MOVLW  05
05EC:  MOVWF  00
05EE:  DECFSZ 00,F
05F0:  BRA    05EE
05F2:  BRA    05F4
05F4:  NOP   
05F6:  BSF    F93.0
05F8:  MOVLW  05
05FA:  MOVWF  00
05FC:  DECFSZ 00,F
05FE:  BRA    05FC
0600:  GOTO   0BA2 (RETURN)
.................... } 
....................      
.................... void DOC_THOI_GIAN_TU_REALTIME() 
.................... {    
....................       I2C_START(); 
*
0480:  BSF    F93.0
0482:  MOVLW  05
0484:  MOVWF  00
0486:  DECFSZ 00,F
0488:  BRA    0486
048A:  BSF    F93.1
048C:  MOVLW  06
048E:  MOVWF  00
0490:  DECFSZ 00,F
0492:  BRA    0490
0494:  BCF    F8A.0
0496:  BCF    F93.0
0498:  MOVLW  05
049A:  MOVWF  00
049C:  DECFSZ 00,F
049E:  BRA    049C
04A0:  BCF    F8A.1
04A2:  BCF    F93.1
....................       I2C_WRITE(ADDR_WR_13B07); 
04A4:  MOVLW  D0
04A6:  MOVWF  5C
04A8:  RCALL  03AE
....................       I2C_WRITE(ADDR_MEM);                      
04AA:  CLRF   5C
04AC:  RCALL  03AE
....................       I2C_START();                 
04AE:  BSF    F93.0
04B0:  MOVLW  05
04B2:  MOVWF  00
04B4:  DECFSZ 00,F
04B6:  BRA    04B4
04B8:  BSF    F93.1
04BA:  MOVLW  06
04BC:  MOVWF  00
04BE:  DECFSZ 00,F
04C0:  BRA    04BE
04C2:  BTFSS  F81.1
04C4:  BRA    04C2
04C6:  BCF    F8A.0
04C8:  BCF    F93.0
04CA:  MOVLW  05
04CC:  MOVWF  00
04CE:  DECFSZ 00,F
04D0:  BRA    04CE
04D2:  BCF    F8A.1
04D4:  BCF    F93.1
....................                  
....................       I2C_WRITE(ADDR_RD_13B07); 
04D6:  MOVLW  D1
04D8:  MOVWF  5C
04DA:  RCALL  03AE
....................       GIAY_DS13      =  I2C_READ();               
04DC:  MOVLW  01
04DE:  MOVWF  00
04E0:  RCALL  041A
04E2:  MOVFF  01,36
....................       PHUT_DS13      =  I2C_READ();              
04E6:  MOVLW  01
04E8:  MOVWF  00
04EA:  RCALL  041A
04EC:  MOVFF  01,35
....................       GIO_DS13       =  I2C_READ();              
04F0:  MOVLW  01
04F2:  MOVWF  00
04F4:  RCALL  041A
04F6:  MOVFF  01,34
....................       THU_DS13       =  I2C_READ();  
04FA:  MOVLW  01
04FC:  MOVWF  00
04FE:  RCALL  041A
0500:  MOVFF  01,33
....................       NGAY_DS13      =  I2C_READ();  
0504:  MOVLW  01
0506:  MOVWF  00
0508:  RCALL  041A
050A:  MOVFF  01,32
....................       THANG_DS13     =  I2C_READ();  
050E:  MOVLW  01
0510:  MOVWF  00
0512:  RCALL  041A
0514:  MOVFF  01,31
....................       NAM_DS13       =  I2C_READ();  
0518:  MOVLW  01
051A:  MOVWF  00
051C:  RCALL  041A
051E:  MOVFF  01,30
....................       CONTROL_DS13   =  I2C_READ();           
0522:  MOVLW  01
0524:  MOVWF  00
0526:  RCALL  041A
0528:  MOVFF  01,38
....................       MA_DS13        =  I2C_READ(0);     //NOT ACK 
052C:  CLRF   00
052E:  RCALL  041A
0530:  MOVFF  01,37
....................       I2C_STOP(); 
0534:  BCF    F93.0
0536:  NOP   
0538:  BSF    F93.1
053A:  BTFSS  F81.1
053C:  BRA    053A
053E:  MOVLW  05
0540:  MOVWF  00
0542:  DECFSZ 00,F
0544:  BRA    0542
0546:  BRA    0548
0548:  NOP   
054A:  BSF    F93.0
054C:  MOVLW  05
054E:  MOVWF  00
0550:  DECFSZ 00,F
0552:  BRA    0550
0554:  RETURN 0
.................... }     
....................  
....................     
.................... void DOC_GIAY_TU_REALTIME() 
.................... {    
....................       I2C_START(); 
....................       I2C_WRITE(ADDR_WR_13B07); 
....................       I2C_WRITE(ADDR_MEM);                      
....................       I2C_START();                 
....................                  
....................       I2C_WRITE(ADDR_RD_13B07); 
....................       GIAY_DS13      =  I2C_READ(0);               
....................       I2C_STOP(); 
.................... }   
....................          
....................   
.................... void HIEN_THI_THOI_GIAN_DS13B07 ( ) 
.................... {     LCD_COMMAND (0x8C);    
*
0604:  MOVLW  8C
0606:  MOVWF  x60
0608:  RCALL  02DA
....................       LCD_DATA(GIO_DS13/16  +0X30);    LCD_DATA(GIO_DS13%16  +0X30); 
060A:  SWAPF  34,W
060C:  MOVWF  00
060E:  MOVLW  0F
0610:  ANDWF  00,F
0612:  MOVF   00,W
0614:  ADDLW  30
0616:  MOVWF  5C
0618:  MOVWF  5E
061A:  RCALL  0378
061C:  MOVF   34,W
061E:  ANDLW  0F
0620:  ADDLW  30
0622:  MOVWF  5C
0624:  MOVWF  5E
0626:  RCALL  0378
....................       LCD_DATA(':'); 
0628:  MOVLW  3A
062A:  MOVWF  5E
062C:  RCALL  0378
....................       LCD_DATA(PHUT_DS13/16 +0X30);    LCD_DATA(PHUT_DS13%16 +0X30); 
062E:  SWAPF  35,W
0630:  MOVWF  00
0632:  MOVLW  0F
0634:  ANDWF  00,F
0636:  MOVF   00,W
0638:  ADDLW  30
063A:  MOVWF  5C
063C:  MOVWF  5E
063E:  RCALL  0378
0640:  MOVF   35,W
0642:  ANDLW  0F
0644:  ADDLW  30
0646:  MOVWF  5C
0648:  MOVWF  5E
064A:  RCALL  0378
....................       LCD_DATA(':'); 
064C:  MOVLW  3A
064E:  MOVWF  5E
0650:  RCALL  0378
....................       LCD_DATA(GIAY_DS13/16 +0X30);    LCD_DATA(GIAY_DS13%16 +0X30); 
0652:  SWAPF  36,W
0654:  MOVWF  00
0656:  MOVLW  0F
0658:  ANDWF  00,F
065A:  MOVF   00,W
065C:  ADDLW  30
065E:  MOVWF  5C
0660:  MOVWF  5E
0662:  RCALL  0378
0664:  MOVF   36,W
0666:  ANDLW  0F
0668:  ADDLW  30
066A:  MOVWF  5C
066C:  MOVWF  5E
066E:  RCALL  0378
....................       LCD_COMMAND (0xCC);   
0670:  MOVLW  CC
0672:  MOVWF  x60
0674:  RCALL  02DA
....................       LCD_DATA(NGAY_DS13/16 +0X30);    LCD_DATA(NGAY_DS13%16 +0X30); 
0676:  SWAPF  32,W
0678:  MOVWF  00
067A:  MOVLW  0F
067C:  ANDWF  00,F
067E:  MOVF   00,W
0680:  ADDLW  30
0682:  MOVWF  5C
0684:  MOVWF  5E
0686:  RCALL  0378
0688:  MOVF   32,W
068A:  ANDLW  0F
068C:  ADDLW  30
068E:  MOVWF  5C
0690:  MOVWF  5E
0692:  RCALL  0378
....................       LCD_DATA('/'); 
0694:  MOVLW  2F
0696:  MOVWF  5E
0698:  RCALL  0378
....................       LCD_DATA(THANG_DS13/16 +0X30);   LCD_DATA(THANG_DS13%16 +0X30); 
069A:  SWAPF  31,W
069C:  MOVWF  00
069E:  MOVLW  0F
06A0:  ANDWF  00,F
06A2:  MOVF   00,W
06A4:  ADDLW  30
06A6:  MOVWF  5C
06A8:  MOVWF  5E
06AA:  RCALL  0378
06AC:  MOVF   31,W
06AE:  ANDLW  0F
06B0:  ADDLW  30
06B2:  MOVWF  5C
06B4:  MOVWF  5E
06B6:  RCALL  0378
....................       LCD_DATA('/'); 
06B8:  MOVLW  2F
06BA:  MOVWF  5E
06BC:  RCALL  0378
....................       LCD_DATA(NAM_DS13/16 +0X30);     LCD_DATA(NAM_DS13%16 +0X30);  
06BE:  SWAPF  30,W
06C0:  MOVWF  00
06C2:  MOVLW  0F
06C4:  ANDWF  00,F
06C6:  MOVF   00,W
06C8:  ADDLW  30
06CA:  MOVWF  5C
06CC:  MOVWF  5E
06CE:  RCALL  0378
06D0:  MOVF   30,W
06D2:  ANDLW  0F
06D4:  ADDLW  30
06D6:  MOVWF  5C
06D8:  MOVWF  5E
06DA:  RCALL  0378
06DC:  GOTO   0BC2 (RETURN)
.................... } 
....................  
.................... #include "lib/tv_pickit2_shift_key4x4_138.c" 
.................... CONST UNSIGNED CHAR MAQUETKEY[4]= {0x3F,0x7F,0xBF,0xFF}; 
.................... UNSIGNED INT8  MPT1=0,MPT2=0;   
.................... UNSIGNED INT KEY_NHAN() 
.................... {     SIGNED INT8 MAPHIM,HANG,COT; 
....................       MAPHIM=HANG=0XFF; 
*
0960:  SETF   5D
0962:  MOVFF  5D,5C
....................       FOR(COT=0;COT<4;COT++) 
0966:  CLRF   5E
0968:  BTFSC  5E.7
096A:  BRA    0972
096C:  MOVF   5E,W
096E:  SUBLW  03
0970:  BNC   09C6
....................             {    
....................                OUTPUT_B(MAQUETKEY[COT]); 
0972:  CLRF   03
0974:  MOVF   5E,W
0976:  MOVFF  FF2,5F
097A:  BCF    FF2.7
097C:  CALL   00DE
0980:  BTFSC  5F.7
0982:  BSF    FF2.7
0984:  CLRF   F93
0986:  MOVWF  F8A
....................                IF         (!INPUT(PIN_B2))      {HANG=0;   BREAK;} 
0988:  BSF    F93.2
098A:  BTFSC  F81.2
098C:  BRA    0994
098E:  CLRF   5D
0990:  BRA    09C6
0992:  BRA    09BC
....................                ELSE    IF (!INPUT(PIN_B3))      {HANG=1;   BREAK;} 
0994:  BSF    F93.3
0996:  BTFSC  F81.3
0998:  BRA    09A2
099A:  MOVLW  01
099C:  MOVWF  5D
099E:  BRA    09C6
09A0:  BRA    09BC
....................                ELSE    IF (!INPUT(PIN_B4))      {HANG=2;   BREAK;} 
09A2:  BSF    F93.4
09A4:  BTFSC  F81.4
09A6:  BRA    09B0
09A8:  MOVLW  02
09AA:  MOVWF  5D
09AC:  BRA    09C6
09AE:  BRA    09BC
....................                ELSE    IF (!INPUT(PIN_B5))      {HANG=3;   BREAK;} 
09B0:  BSF    F93.5
09B2:  BTFSC  F81.5
09B4:  BRA    09BC
09B6:  MOVLW  03
09B8:  MOVWF  5D
09BA:  BRA    09C6
....................                DELAY_MS(30); //THEM VAO DE XU LY LOI QUA TAI CPU 
09BC:  MOVLW  1E
09BE:  MOVWF  5F
09C0:  RCALL  02F0
09C2:  INCF   5E,F
09C4:  BRA    0968
....................             }           
....................          IF (HANG!=0XFF)   MAPHIM   = COT*4 + HANG; 
09C6:  INCFSZ 5D,W
09C8:  BRA    09CC
09CA:  BRA    09DC
09CC:  MOVFF  5E,5F
09D0:  MOVLW  04
09D2:  MOVWF  x60
09D4:  BRA    0914
09D6:  MOVF   5D,W
09D8:  ADDWF  01,W
09DA:  MOVWF  5C
....................          RETURN(MAPHIM); 
09DC:  MOVFF  5C,01
09E0:  RETURN 0
.................... } 
....................  
.................... UNSIGNED INT KEY_4X4_DW() 
.................... {      
....................       MPT1=KEY_NHAN();        
09E2:  RCALL  0960
09E4:  MOVFF  01,3A
....................       IF (MPT1!=0XFF)    
09E8:  INCFSZ 3A,W
09EA:  BRA    09EE
09EC:  BRA    0A0C
....................       {  DELAY_MS(1); 
09EE:  MOVLW  01
09F0:  MOVWF  5F
09F2:  RCALL  02F0
....................          MPT1=KEY_NHAN(); 
09F4:  RCALL  0960
09F6:  MOVFF  01,3A
....................          DO{MPT2=KEY_NHAN(); DELAY_MS(30);} 
09FA:  RCALL  0960
09FC:  MOVFF  01,3B
0A00:  MOVLW  1E
0A02:  MOVWF  5F
0A04:  RCALL  02F0
....................          WHILE (MPT2==MPT1); 
0A06:  MOVF   3A,W
0A08:  SUBWF  3B,W
0A0A:  BZ    09FA
....................       }              
....................       RETURN(MPT1); 
0A0C:  MOVFF  3A,01
0A10:  GOTO   0C1A (RETURN)
.................... } 
....................  
.................... UNSIGNED INT KEY_4X4_UP() 
.................... {             
....................       MPT1=KEY_NHAN(); 
....................       IF (MPT1!=0XFF)    
....................       {   
....................          IF (MPT1!=MPT2) 
....................             { 
....................                RETURN(MPT1);  //PHIM MOI 
....................                MPT2=MPT1; 
....................             } 
....................          ELSE 
....................          { 
....................             DELAY_MS(1); 
....................             MPT1=KEY_NHAN(); 
....................             DO 
....................             { 
....................                MPT2=KEY_NHAN(); 
....................                } 
....................             WHILE (MPT2!=MPT1); 
....................                RETURN(MPT1);     //THOAT VI TRUNG MA PHIM DA NHAN 
....................                MPT2=MPT1;            
....................          } 
....................       }   
....................       ELSE  
....................       { 
....................          RETURN(MPT1);  //THOAT VI KHONG NHAN 
....................          MPT2=MPT1; 
....................       }       
.................... } 
....................  
....................  
....................  
....................  
.................... #define pir pin_a3 
....................  
.................... signed INT8 bdn,sec,mp;  
.................... unsigned int8 start_time = 8, end_time = 20; 
.................... unsigned int8 this_hour; 
.................... unsigned int8 dcmotor_runtime = 2; 
.................... unsigned int8 false_cnt; 
....................  
.................... unsigned int16 t0,guest_count,guest_total; 
.................... unsigned int1 pir_temp, is_correct; 
....................  
.................... unsigned int8 len = 8; 
.................... unsigned int8 password_set[8] = {1,9,1,4,2,2,9,8}; 
.................... unsigned int8 password_enter[8] = {0,0,0,0,0,0,0,0}; 
....................  
.................... #INT_timer1  
.................... void interrupt_timer1()  
.................... {   
....................    if(dcmotor_onoff == 1 || false_cnt >= 3) 
*
00FC:  BTFSC  2C.1
00FE:  BRA    0106
0100:  MOVF   43,W
0102:  SUBLW  02
0104:  BC    0118
....................    { 
....................       bdn++; 
0106:  INCF   3C,F
....................       if(bdn >= 10) 
0108:  BTFSC  3C.7
010A:  BRA    0116
010C:  MOVF   3C,W
010E:  SUBLW  09
0110:  BC    0116
....................       { 
....................          bdn = 0; 
0112:  CLRF   3C
....................          sec++; 
0114:  INCF   3D,F
....................       } 
....................    } 
0116:  BRA    011C
....................    else  
....................    { 
....................       bdn = 0; 
0118:  CLRF   3C
....................       sec = 0; 
011A:  CLRF   3D
....................    } 
....................     
....................    set_timer1 (3036); 
011C:  MOVLW  0B
011E:  MOVWF  FCF
0120:  MOVLW  DC
0122:  MOVWF  FCE
0124:  BCF    F9E.0
0126:  GOTO   0054
.................... } 
....................  
.................... void count_guest() 
.................... { 
....................    t0 = get_timer0(); 
*
076E:  MOVF   FD6,W
0770:  MOVWF  44
0772:  MOVFF  FD7,45
....................    guest_total = guest_count * 255 + t0; 
0776:  MOVFF  47,5D
077A:  MOVFF  46,5C
077E:  CLRF   5F
0780:  SETF   5E
0782:  BRA    06E0
0784:  MOVF   44,W
0786:  ADDWF  01,W
0788:  MOVWF  48
078A:  MOVF   45,W
078C:  ADDWFC 02,W
078E:  MOVWF  49
....................    xuat_4led_7doan_4so(ma7doan[guest_total/1000],ma7doan[guest_total/100%10], ma7doan[guest_total/10%10], ma7doan[guest_total%10]); 
0790:  MOVFF  49,66
0794:  MOVFF  48,65
0798:  MOVLW  03
079A:  MOVWF  x68
079C:  MOVLW  E8
079E:  MOVWF  x67
07A0:  RCALL  0700
07A2:  MOVFF  02,5D
07A6:  MOVFF  01,5C
07AA:  MOVFF  02,03
07AE:  MOVF   01,W
07B0:  MOVFF  FF2,5E
07B4:  BCF    FF2.7
07B6:  RCALL  0096
07B8:  BTFSC  5E.7
07BA:  BSF    FF2.7
07BC:  MOVWF  5E
07BE:  MOVFF  49,66
07C2:  MOVFF  48,65
07C6:  CLRF   x68
07C8:  MOVLW  64
07CA:  MOVWF  x67
07CC:  RCALL  0700
07CE:  MOVFF  02,60
07D2:  MOVFF  01,5F
07D6:  MOVFF  02,66
07DA:  MOVFF  01,65
07DE:  CLRF   x68
07E0:  MOVLW  0A
07E2:  MOVWF  x67
07E4:  RCALL  0700
07E6:  MOVFF  00,5F
07EA:  MOVFF  03,60
07EE:  MOVFF  03,03
07F2:  MOVF   00,W
07F4:  MOVFF  FF2,61
07F8:  BCF    FF2.7
07FA:  RCALL  0096
07FC:  BTFSC  x61.7
07FE:  BSF    FF2.7
0800:  MOVWF  x61
0802:  MOVFF  49,66
0806:  MOVFF  48,65
080A:  CLRF   x68
080C:  MOVLW  0A
080E:  MOVWF  x67
0810:  RCALL  0700
0812:  MOVFF  02,63
0816:  MOVFF  01,62
081A:  MOVFF  02,66
081E:  MOVFF  01,65
0822:  CLRF   x68
0824:  MOVLW  0A
0826:  MOVWF  x67
0828:  RCALL  0700
082A:  MOVFF  00,62
082E:  MOVFF  03,63
0832:  MOVFF  03,03
0836:  MOVF   00,W
0838:  MOVFF  FF2,64
083C:  BCF    FF2.7
083E:  RCALL  0096
0840:  BTFSC  x64.7
0842:  BSF    FF2.7
0844:  MOVWF  x64
0846:  MOVFF  49,66
084A:  MOVFF  48,65
084E:  CLRF   x68
0850:  MOVLW  0A
0852:  MOVWF  x67
0854:  RCALL  0700
0856:  MOVFF  00,65
085A:  MOVFF  03,66
085E:  MOVFF  03,03
0862:  MOVF   00,W
0864:  MOVFF  FF2,67
0868:  BCF    FF2.7
086A:  RCALL  0096
086C:  BTFSC  x67.7
086E:  BSF    FF2.7
0870:  MOVWF  x67
0872:  MOVFF  5E,68
0876:  MOVFF  61,69
087A:  MOVFF  64,6A
087E:  MOVWF  x6B
0880:  BRA    0742
....................     
....................    if(t0 == 255) 
0882:  INCFSZ 44,W
0884:  BRA    0894
0886:  MOVF   45,F
0888:  BNZ   0894
....................    { 
....................       guest_count++; 
088A:  INCF   46,F
088C:  BTFSC  FD8.2
088E:  INCF   47,F
....................       set_timer0(0); 
0890:  CLRF   FD7
0892:  CLRF   FD6
....................    } 
....................     
....................    if(guest_total == 10000) 
0894:  MOVF   48,W
0896:  SUBLW  10
0898:  BNZ   08AA
089A:  MOVF   49,W
089C:  SUBLW  27
089E:  BNZ   08AA
....................    { 
....................       guest_count = 0; 
08A0:  CLRF   47
08A2:  CLRF   46
....................       set_timer0(1); 
08A4:  CLRF   FD7
08A6:  MOVLW  01
08A8:  MOVWF  FD6
....................    } 
08AA:  GOTO   08C2 (RETURN)
.................... } 
....................  
.................... void run_motor() 
.................... { 
....................    if(input(pir) == 1) 
08AE:  BSF    F92.3
08B0:  BTFSS  F80.3
08B2:  BRA    08BA
....................    { 
....................       dcmotor_tn = 0; 
08B4:  BCF    2C.0
....................       setup_timer_0(t0_off); 
08B6:  CLRF   FD5
....................    } 
08B8:  BRA    08C2
....................    else 
....................    { 
....................       dcmotor_tn = 1; 
08BA:  BSF    2C.0
....................       setup_timer_0(t0_ext_l_to_h | t0_div_1| t0_8_bit); 
08BC:  MOVLW  E8
08BE:  MOVWF  FD5
....................       count_guest(); 
08C0:  BRA    076E
....................    } 
....................    if(pir_temp != input(pir)) 
08C2:  MOVLW  00
08C4:  BTFSC  2C.2
08C6:  MOVLW  01
08C8:  MOVWF  5C
08CA:  BSF    F92.3
08CC:  MOVLW  00
08CE:  BTFSC  F80.3
08D0:  MOVLW  01
08D2:  SUBWF  5C,W
08D4:  BZ    08E0
....................    { 
....................       dcmotor_onoff = 1; 
08D6:  BSF    2C.1
....................       pir_temp = input(pir); 
08D8:  BSF    F92.3
08DA:  BCF    2C.2
08DC:  BTFSC  F80.3
08DE:  BSF    2C.2
....................    } 
08E0:  RETURN 0
.................... } 
....................  
.................... int check_password(unsigned int8 arr_1[], arr_2[], length) 
.................... { 
....................     for (int i = 0; i < length; i++) 
*
0A32:  CLRF   x61
0A34:  MOVF   x60,W
0A36:  SUBWF  x61,W
0A38:  BC    0A6A
....................    { 
....................       if(arr_1[i] != arr_2[i]) 
0A3A:  CLRF   03
0A3C:  MOVF   x61,W
0A3E:  ADDWF  5C,W
0A40:  MOVWF  FE9
0A42:  MOVF   5D,W
0A44:  ADDWFC 03,W
0A46:  MOVWF  FEA
0A48:  MOVFF  FEF,62
0A4C:  CLRF   03
0A4E:  MOVF   x61,W
0A50:  ADDWF  5E,W
0A52:  MOVWF  FE9
0A54:  MOVF   5F,W
0A56:  ADDWFC 03,W
0A58:  MOVWF  FEA
0A5A:  MOVF   FEF,W
0A5C:  SUBWF  x62,W
0A5E:  BZ    0A66
....................       { 
....................          return 0; 
0A60:  MOVLW  00
0A62:  MOVWF  01
0A64:  BRA    0A6E
....................       } 
0A66:  INCF   x61,F
0A68:  BRA    0A34
....................    } 
....................    return 1; 
0A6A:  MOVLW  01
0A6C:  MOVWF  01
0A6E:  GOTO   0CA0 (RETURN)
.................... } 
....................  
.................... void delete_all() 
.................... { 
....................    for (int i = 0; i < len; i++) 
*
0A14:  CLRF   5C
0A16:  MOVF   4A,W
0A18:  SUBWF  5C,W
0A1A:  BC    0A30
....................    { 
....................       password_enter[i] = 0; 
0A1C:  CLRF   03
0A1E:  MOVF   5C,W
0A20:  ADDLW  53
0A22:  MOVWF  FE9
0A24:  MOVLW  00
0A26:  ADDWFC 03,W
0A28:  MOVWF  FEA
0A2A:  CLRF   FEF
0A2C:  INCF   5C,F
0A2E:  BRA    0A16
....................    } 
0A30:  RETURN 0
.................... } 
....................  
.................... void on_alarm() 
.................... { 
....................    if(sec <= 2) 
*
0AB4:  BTFSC  3D.7
0AB6:  BRA    0ABE
0AB8:  MOVF   3D,W
0ABA:  SUBLW  02
0ABC:  BNC   0AC2
....................    { 
....................       buzzer_on(); 
0ABE:  BRA    0AA2
....................    } 
0AC0:  BRA    0ACE
....................    else if(sec == 3) 
0AC2:  MOVF   3D,W
0AC4:  SUBLW  03
0AC6:  BNZ   0ACC
....................    { 
....................       buzzer_off(); 
0AC8:  RCALL  0AAC
....................    } 
0ACA:  BRA    0ACE
....................    else 
....................    { 
....................       sec = 0; 
0ACC:  CLRF   3D
....................    }   
0ACE:  GOTO   0D1A (RETURN)
.................... } 
....................  
.................... void print_password() 
.................... {   
....................    lcd_goto_xy(2,12); 
*
08E2:  MOVLW  02
08E4:  MOVWF  5D
08E6:  MOVLW  0C
08E8:  MOVWF  5E
08EA:  RCALL  035E
....................    for (int i = 0; i < len; i++) 
08EC:  CLRF   5C
08EE:  MOVF   4A,W
08F0:  SUBWF  5C,W
08F2:  BC    0910
....................    { 
....................       lcd_data(password_enter[i] + 0x30); 
08F4:  CLRF   03
08F6:  MOVF   5C,W
08F8:  ADDLW  53
08FA:  MOVWF  FE9
08FC:  MOVLW  00
08FE:  ADDWFC 03,W
0900:  MOVWF  FEA
0902:  MOVLW  30
0904:  ADDWF  FEF,W
0906:  MOVWF  5D
0908:  MOVWF  5E
090A:  RCALL  0378
090C:  INCF   5C,F
090E:  BRA    08EE
....................    } 
0910:  GOTO   0C18 (RETURN)
.................... } 
....................  
.................... void main() 
*
0AD2:  CLRF   FF8
0AD4:  BCF    FD0.7
0AD6:  BSF    07.7
0AD8:  CLRF   18
0ADA:  CLRF   1F
0ADC:  CLRF   20
0ADE:  CLRF   21
0AE0:  CLRF   22
0AE2:  CLRF   2B
0AE4:  BCF    2C.0
0AE6:  BCF    2C.1
0AE8:  CLRF   3A
0AEA:  CLRF   3B
0AEC:  MOVLW  08
0AEE:  MOVWF  3F
0AF0:  MOVLW  14
0AF2:  MOVWF  40
0AF4:  MOVLW  02
0AF6:  MOVWF  42
0AF8:  MOVLW  08
0AFA:  MOVWF  4A
0AFC:  MOVF   FC1,W
0AFE:  ANDLW  C0
0B00:  IORLW  0F
0B02:  MOVWF  FC1
0B04:  MOVLW  07
0B06:  MOVWF  FB4
0B08:  SETF   23
0B0A:  SETF   24
0B0C:  SETF   25
0B0E:  SETF   26
0B10:  SETF   27
0B12:  SETF   28
0B14:  SETF   29
0B16:  SETF   2A
0B18:  MOVLW  01
0B1A:  MOVWF  4B
0B1C:  MOVLW  09
0B1E:  MOVWF  4C
0B20:  MOVLW  01
0B22:  MOVWF  4D
0B24:  MOVLW  04
0B26:  MOVWF  4E
0B28:  MOVLW  02
0B2A:  MOVWF  4F
0B2C:  MOVWF  50
0B2E:  MOVLW  09
0B30:  MOVWF  51
0B32:  MOVLW  08
0B34:  MOVWF  52
0B36:  CLRF   53
0B38:  CLRF   54
0B3A:  CLRF   55
0B3C:  CLRF   56
0B3E:  CLRF   57
0B40:  CLRF   58
0B42:  CLRF   59
0B44:  CLRF   5A
.................... { 
....................    set_up_port_ic_chot(); 
0B46:  GOTO   01A6
....................     
....................    setup_timer_0(t0_off); 
0B4A:  CLRF   FD5
....................    set_timer0(0); 
0B4C:  CLRF   FD7
0B4E:  CLRF   FD6
....................     
....................    setup_timer_1 (t1_internal|t1_div_by_8); 
0B50:  MOVLW  B5
0B52:  MOVWF  FCD
....................    set_timer1 (3036); 
0B54:  MOVLW  0B
0B56:  MOVWF  FCF
0B58:  MOVLW  DC
0B5A:  MOVWF  FCE
....................    enable_interrupts (global); 
0B5C:  MOVLW  C0
0B5E:  IORWF  FF2,F
....................    enable_interrupts (INT_timer1); 
0B60:  BSF    F9D.0
....................     
....................    dc_motor_enable(); 
0B62:  GOTO   0244
....................    dc_motor_stop(); 
0B66:  CALL   024C
....................     
....................    setup_lcd () ; 
0B6A:  GOTO   0316
....................    lcd_goto_xy(0,0); 
0B6E:  CLRF   5D
0B70:  CLRF   5E
0B72:  CALL   035E
....................    lcd_data("Thoi gian:"); 
0B76:  MOVLW  2A
0B78:  MOVWF  FF6
0B7A:  MOVLW  01
0B7C:  MOVWF  FF7
0B7E:  RCALL  038E
....................    lcd_goto_xy(1,0); 
0B80:  MOVLW  01
0B82:  MOVWF  5D
0B84:  CLRF   5E
0B86:  CALL   035E
....................    lcd_data("Ng/Th/Nam:"); 
0B8A:  MOVLW  36
0B8C:  MOVWF  FF6
0B8E:  MOVLW  01
0B90:  MOVWF  FF7
0B92:  CALL   038E
....................     
....................    doc_thoi_gian_tu_realtime () ; 
0B96:  RCALL  0480
....................    if (ma_ds13 != ma_ds) 
0B98:  MOVF   37,W
0B9A:  SUBLW  91
0B9C:  BZ    0BA2
....................    { 
....................       thiet_lap_thoi_gian_hien_tai () ; 
0B9E:  BRA    0556
....................       nap_thoi_gian_htai_vao_ds13b07 () ; 
0BA0:  BRA    057C
....................    } 
....................    doc_thoi_gian_tu_realtime () ; 
0BA2:  RCALL  0480
....................    giaytam = giay_ds13; 
0BA4:  MOVFF  36,39
....................     
....................    is_correct = 0; 
0BA8:  BCF    2C.3
....................    false_cnt = 0; 
0BAA:  CLRF   43
....................    sec = 0; 
0BAC:  CLRF   3D
....................    guest_count = 0; 
0BAE:  CLRF   47
0BB0:  CLRF   46
....................    pir_temp = input(pir); 
0BB2:  BSF    F92.3
0BB4:  BCF    2C.2
0BB6:  BTFSC  F80.3
0BB8:  BSF    2C.2
....................     
....................    while (true) 
....................    { 
....................       doc_thoi_gian_tu_realtime () ; 
0BBA:  RCALL  0480
....................       giaytam = giay_ds13; 
0BBC:  MOVFF  36,39
....................       hien_thi_thoi_gian_ds13b07 () ; 
0BC0:  BRA    0604
....................       //Chay motor auto trong gio lam viec khi co nguoi 
....................       this_hour = gio_ds13 / 16 * 10 + gio_ds13 % 16; 
0BC2:  SWAPF  34,W
0BC4:  MOVWF  00
0BC6:  MOVLW  0F
0BC8:  ANDWF  00,F
0BCA:  MOVF   00,W
0BCC:  MULLW  0A
0BCE:  MOVFF  FF3,5C
0BD2:  MOVF   34,W
0BD4:  ANDLW  0F
0BD6:  ADDWF  5C,W
0BD8:  MOVWF  41
....................       if(this_hour >= start_time && this_hour <= end_time) 
0BDA:  MOVF   3F,W
0BDC:  SUBWF  41,W
0BDE:  BNC   0C00
0BE0:  MOVF   41,W
0BE2:  SUBWF  40,W
0BE4:  BNC   0C00
....................       { 
....................          run_motor(); 
0BE6:  RCALL  08AE
....................          lcd_goto_xy(2,0); 
0BE8:  MOVLW  02
0BEA:  MOVWF  5D
0BEC:  CLRF   5E
0BEE:  CALL   035E
....................          lcd_data("                    "); 
0BF2:  MOVLW  42
0BF4:  MOVWF  FF6
0BF6:  MOVLW  01
0BF8:  MOVWF  FF7
0BFA:  CALL   038E
....................       } 
0BFE:  BRA    0CDE
....................       //Ngoai gio lam viec yeu cau nhap pass 
....................       else 
....................       { 
....................          lcd_goto_xy(2,0); 
0C00:  MOVLW  02
0C02:  MOVWF  5D
0C04:  CLRF   5E
0C06:  CALL   035E
....................          lcd_data("Nhap pass:"); 
0C0A:  MOVLW  58
0C0C:  MOVWF  FF6
0C0E:  MOVLW  01
0C10:  MOVWF  FF7
0C12:  CALL   038E
....................          print_password(); 
0C16:  BRA    08E2
....................          mp = key_4x4_dw(); 
0C18:  BRA    09E2
0C1A:  MOVFF  01,3E
....................  
....................          if(mp != 0xff) 
0C1E:  INCFSZ 3E,W
0C20:  BRA    0C24
0C22:  BRA    0CDE
....................          { 
....................             if(mp <= 0x09) 
0C24:  BTFSC  3E.7
0C26:  BRA    0C2E
0C28:  MOVF   3E,W
0C2A:  SUBLW  09
0C2C:  BNC   0C80
....................             { 
....................                for (int i = 0; i < len - 1; i++) 
0C2E:  CLRF   5B
0C30:  MOVLW  01
0C32:  SUBWF  4A,W
0C34:  SUBWF  5B,W
0C36:  BC    0C6C
....................                { 
....................                   password_enter[i] = password_enter[i + 1]; 
0C38:  CLRF   03
0C3A:  MOVF   5B,W
0C3C:  ADDLW  53
0C3E:  MOVWF  01
0C40:  MOVLW  00
0C42:  ADDWFC 03,F
0C44:  MOVFF  03,5D
0C48:  MOVLW  01
0C4A:  ADDWF  5B,W
0C4C:  CLRF   03
0C4E:  ADDLW  53
0C50:  MOVWF  FE9
0C52:  MOVLW  00
0C54:  ADDWFC 03,W
0C56:  MOVWF  FEA
0C58:  MOVFF  FEF,5E
0C5C:  MOVFF  5D,FEA
0C60:  MOVFF  01,FE9
0C64:  MOVFF  5E,FEF
0C68:  INCF   5B,F
0C6A:  BRA    0C30
....................                } 
....................                password_enter[len - 1] = mp; 
0C6C:  MOVLW  01
0C6E:  SUBWF  4A,W
0C70:  CLRF   03
0C72:  ADDLW  53
0C74:  MOVWF  FE9
0C76:  MOVLW  00
0C78:  ADDWFC 03,W
0C7A:  MOVWF  FEA
0C7C:  MOVFF  3E,FEF
....................             } 
....................             //Xoa het pass 
....................             if(mp == 0x0a) 
0C80:  MOVF   3E,W
0C82:  SUBLW  0A
0C84:  BNZ   0C88
....................             { 
....................                delete_all(); 
0C86:  RCALL  0A14
....................             } 
....................             //Xac nhan pass 
....................             if(mp == 0x0f) 
0C88:  MOVF   3E,W
0C8A:  SUBLW  0F
0C8C:  BNZ   0CDE
....................             { 
....................                is_correct = check_password(password_set, password_enter, len); 
0C8E:  CLRF   5D
0C90:  MOVLW  4B
0C92:  MOVWF  5C
0C94:  CLRF   5F
0C96:  MOVLW  53
0C98:  MOVWF  5E
0C9A:  MOVFF  4A,60
0C9E:  BRA    0A32
0CA0:  BCF    2C.3
0CA2:  BTFSC  01.0
0CA4:  BSF    2C.3
....................                if(is_correct) 
0CA6:  BTFSS  2C.3
0CA8:  BRA    0CC6
....................                { 
....................                   false_cnt = 0; 
0CAA:  CLRF   43
....................                   lcd_goto_xy(3,0); 
0CAC:  MOVLW  03
0CAE:  MOVWF  5D
0CB0:  CLRF   5E
0CB2:  CALL   035E
....................                   lcd_data("Ban da nhap dung !!!"); 
0CB6:  MOVLW  64
0CB8:  MOVWF  FF6
0CBA:  MOVLW  01
0CBC:  MOVWF  FF7
0CBE:  CALL   038E
....................                   delete_all(); 
0CC2:  RCALL  0A14
....................                } 
0CC4:  BRA    0CDE
....................                else 
....................                { 
....................                   false_cnt++; 
0CC6:  INCF   43,F
....................                   lcd_goto_xy(3,0); 
0CC8:  MOVLW  03
0CCA:  MOVWF  5D
0CCC:  CLRF   5E
0CCE:  CALL   035E
....................                   lcd_data("Nhapsai hay nhap lai"); 
0CD2:  MOVLW  7A
0CD4:  MOVWF  FF6
0CD6:  MOVLW  01
0CD8:  MOVWF  FF7
0CDA:  CALL   038E
....................                } 
....................             } 
....................          } 
....................       } 
....................        
....................       if(is_correct) 
0CDE:  BTFSS  2C.3
0CE0:  BRA    0CE4
....................       { 
....................          run_motor(); 
0CE2:  RCALL  08AE
....................       } 
....................        
....................       dc_motor_control(); 
0CE4:  BRA    0A8A
....................        
....................       if(sec >= dcmotor_runtime) 
0CE6:  BTFSC  3D.7
0CE8:  BRA    0CFC
0CEA:  MOVF   42,W
0CEC:  SUBWF  3D,W
0CEE:  BNC   0CFC
....................       { 
....................          dcmotor_onoff = 0; 
0CF0:  BCF    2C.1
....................          if(dcmotor_tn == 0 && is_correct == 1) 
0CF2:  BTFSC  2C.0
0CF4:  BRA    0CFC
0CF6:  BTFSS  2C.3
0CF8:  BRA    0CFC
....................          { 
....................             is_correct = 0; 
0CFA:  BCF    2C.3
....................          } 
....................       } 
....................       //Nhap sai 3 lan bao dong 
....................       if(false_cnt >= 3) 
0CFC:  MOVF   43,W
0CFE:  SUBLW  02
0D00:  BC    0D1C
....................       { 
....................          lcd_goto_xy(3,0); 
0D02:  MOVLW  03
0D04:  MOVWF  5D
0D06:  CLRF   5E
0D08:  CALL   035E
....................          lcd_data("Ban nhapsai qua 3lan"); 
0D0C:  MOVLW  90
0D0E:  MOVWF  FF6
0D10:  MOVLW  01
0D12:  MOVWF  FF7
0D14:  CALL   038E
....................          on_alarm(); 
0D18:  BRA    0AB4
....................       } 
0D1A:  BRA    0D1E
....................       else 
....................       { 
....................          buzzer_off(); 
0D1C:  RCALL  0AAC
....................       } 
0D1E:  BRA    0BBA
....................    } 
.................... } 
0D20:  SLEEP 

Configuration Fuses:
   Word  1: CC27   PLL12 CPUDIV1 USBDIV HS FCMEN IESO
   Word  2: 1E3E   PUT BROWNOUT BORV21 VREGEN NOWDT WDT32768
   Word  3: 8700   CCP2C1 PBADEN LPT1OSC MCLR
   Word  4: 00A1   STVREN NOLVP ICSP2 NOXINST NODEBUG
   Word  5: C00F   NOPROTECT NOCPB NOCPD
   Word  6: E00F   NOWRT NOWRTC NOWRTB NOWRTD
   Word  7: 400F   NOEBTR NOEBTRB
